[2026-09-27 21:55:00 +0000] c13-permanence-trajectory: 32 trials total, 0 reused, 32 to run on 12 workers.
[2026-09-27 21:56:00 +0000] [heartbeat] 0/32 done, 1.0 min elapsed, ETA ? min
[2026-09-27 21:57:00 +0000] [heartbeat] 0/32 done, 2.0 min elapsed, ETA ? min
[2026-09-27 21:58:00 +0000] [heartbeat] 0/32 done, 3.0 min elapsed, ETA ? min
[2026-09-27 21:59:00 +0000] [heartbeat] 0/32 done, 4.0 min elapsed, ETA ? min
[2026-09-27 22:00:00 +0000] [heartbeat] 0/32 done, 5.0 min elapsed, ETA ? min
[2026-09-27 22:01:00 +0000] [heartbeat] 0/32 done, 6.0 min elapsed, ETA ? min
[2026-09-27 22:02:00 +0000] [heartbeat] 0/32 done, 7.0 min elapsed, ETA ? min
[2026-09-27 22:03:00 +0000] [heartbeat] 0/32 done, 8.0 min elapsed, ETA ? min
[2026-09-27 22:04:00 +0000] [heartbeat] 0/32 done, 9.0 min elapsed, ETA ? min
[2026-09-27 22:05:00 +0000] [heartbeat] 0/32 done, 10.0 min elapsed, ETA ? min
[2026-09-27 22:06:00 +0000] [heartbeat] 0/32 done, 11.0 min elapsed, ETA ? min
[2026-09-27 22:07:00 +0000] [heartbeat] 0/32 done, 12.0 min elapsed, ETA ? min
[2026-09-27 22:08:00 +0000] [heartbeat] 0/32 done, 13.0 min elapsed, ETA ? min
[2026-09-27 22:09:00 +0000] [heartbeat] 0/32 done, 14.0 min elapsed, ETA ? min
[2026-09-27 22:10:00 +0000] [heartbeat] 0/32 done, 15.0 min elapsed, ETA ? min
[2026-09-27 22:11:00 +0000] [heartbeat] 0/32 done, 16.0 min elapsed, ETA ? min
[2026-09-27 22:12:00 +0000] [heartbeat] 0/32 done, 17.0 min elapsed, ETA ? min
[2026-09-27 22:13:00 +0000] [heartbeat] 0/32 done, 18.0 min elapsed, ETA ? min
[2026-09-27 22:14:00 +0000] [heartbeat] 0/32 done, 19.0 min elapsed, ETA ? min
[2026-09-27 22:15:00 +0000] [heartbeat] 0/32 done, 20.0 min elapsed, ETA ? min
[2026-09-27 22:16:00 +0000] [heartbeat] 0/32 done, 21.0 min elapsed, ETA ? min
[2026-09-27 22:17:00 +0000] [heartbeat] 0/32 done, 22.0 min elapsed, ETA ? min
[2026-09-27 22:18:00 +0000] [heartbeat] 0/32 done, 23.0 min elapsed, ETA ? min
[2026-09-27 22:19:00 +0000] [heartbeat] 0/32 done, 24.0 min elapsed, ETA ? min
[2026-09-27 22:20:00 +0000] [heartbeat] 0/32 done, 25.0 min elapsed, ETA ? min
[2026-09-27 22:21:00 +0000] [heartbeat] 0/32 done, 26.0 min elapsed, ETA ? min
[2026-09-27 22:22:00 +0000] [heartbeat] 0/32 done, 27.0 min elapsed, ETA ? min
[2026-09-27 22:23:00 +0000] [heartbeat] 0/32 done, 28.0 min elapsed, ETA ? min
[2026-09-27 22:24:00 +0000] [heartbeat] 0/32 done, 29.0 min elapsed, ETA ? min
[2026-09-27 22:25:00 +0000] [heartbeat] 0/32 done, 30.0 min elapsed, ETA ? min
[2026-09-27 22:26:00 +0000] [heartbeat] 0/32 done, 31.0 min elapsed, ETA ? min
[2026-09-27 22:27:00 +0000] [heartbeat] 0/32 done, 32.0 min elapsed, ETA ? min
[2026-09-27 22:28:00 +0000] [heartbeat] 0/32 done, 33.0 min elapsed, ETA ? min
[2026-09-27 22:29:00 +0000] [heartbeat] 0/32 done, 34.0 min elapsed, ETA ? min
[2026-09-27 22:30:00 +0000] [heartbeat] 0/32 done, 35.0 min elapsed, ETA ? min
[2026-09-27 22:31:00 +0000] [heartbeat] 0/32 done, 36.0 min elapsed, ETA ? min
[2026-09-27 22:32:00 +0000] [heartbeat] 0/32 done, 37.0 min elapsed, ETA ? min
[2026-09-27 22:33:00 +0000] [heartbeat] 0/32 done, 38.0 min elapsed, ETA ? min
[2026-09-27 22:34:00 +0000] [heartbeat] 0/32 done, 39.0 min elapsed, ETA ? min
[2026-09-27 22:35:00 +0000] [heartbeat] 0/32 done, 40.0 min elapsed, ETA ? min
[2026-09-27 22:36:00 +0000] [heartbeat] 0/32 done, 41.0 min elapsed, ETA ? min
[2026-09-27 22:37:00 +0000] [heartbeat] 0/32 done, 42.0 min elapsed, ETA ? min
[2026-09-27 22:38:00 +0000] [heartbeat] 0/32 done, 43.0 min elapsed, ETA ? min
[2026-09-27 22:39:00 +0000] [heartbeat] 0/32 done, 44.0 min elapsed, ETA ? min
[2026-09-27 22:40:00 +0000] [heartbeat] 0/32 done, 45.0 min elapsed, ETA ? min
[2026-09-27 22:40:44 +0000]   [1/32] D-no-sprout seed=1 chars=200000 -> network=13.75% atOne/occ=66.2% sim=2743.0s wall=2743.6s
[2026-09-27 22:40:47 +0000]   [2/32] D-no-sprout seed=2 chars=200000 -> network=14.30% atOne/occ=69.7% sim=2746.6s wall=2747.2s
[2026-09-27 22:41:00 +0000] [heartbeat] 2/32 done, 46.0 min elapsed, ETA 690.1 min
[2026-09-27 22:42:00 +0000] [heartbeat] 2/32 done, 47.0 min elapsed, ETA 705.1 min
[2026-09-27 22:43:00 +0000] [heartbeat] 2/32 done, 48.0 min elapsed, ETA 720.1 min
[2026-09-27 22:44:00 +0000] [heartbeat] 2/32 done, 49.0 min elapsed, ETA 735.1 min
[2026-09-27 22:45:00 +0000] [heartbeat] 2/32 done, 50.0 min elapsed, ETA 750.1 min
[2026-09-27 22:46:00 +0000] [heartbeat] 2/32 done, 51.0 min elapsed, ETA 765.1 min
[2026-09-27 22:47:00 +0000] [heartbeat] 2/32 done, 52.0 min elapsed, ETA 780.1 min
[2026-09-27 22:48:00 +0000] [heartbeat] 2/32 done, 53.0 min elapsed, ETA 795.1 min
[2026-09-27 22:49:00 +0000] [heartbeat] 2/32 done, 54.0 min elapsed, ETA 810.1 min
[2026-09-27 22:50:00 +0000] [heartbeat] 2/32 done, 55.0 min elapsed, ETA 825.1 min
[2026-09-27 22:51:00 +0000] [heartbeat] 2/32 done, 56.0 min elapsed, ETA 840.1 min
[2026-09-27 22:52:00 +0000] [heartbeat] 2/32 done, 57.0 min elapsed, ETA 855.1 min
[2026-09-27 22:53:00 +0000] [heartbeat] 2/32 done, 58.0 min elapsed, ETA 870.1 min
[2026-09-27 22:54:00 +0000] [heartbeat] 2/32 done, 59.0 min elapsed, ETA 885.1 min
[2026-09-27 22:55:00 +0000] [heartbeat] 2/32 done, 60.0 min elapsed, ETA 900.1 min
[2026-09-27 22:56:00 +0000] [heartbeat] 2/32 done, 61.0 min elapsed, ETA 915.1 min
[2026-09-27 22:57:00 +0000] [heartbeat] 2/32 done, 62.0 min elapsed, ETA 930.1 min
[2026-09-27 22:57:21 +0000]   [3/32] A-b5 seed=2 chars=200000 -> network=14.90% atOne/occ=49.9% sim=3739.9s wall=3740.8s
[2026-09-27 22:57:35 +0000]   [4/32] A-b5 seed=1 chars=200000 -> network=17.00% atOne/occ=56.0% sim=3754.4s wall=3755.3s
[2026-09-27 22:57:58 +0000]   [5/32] A-b5 seed=13 chars=200000 -> network=14.80% atOne/occ=55.5% sim=3776.6s wall=3777.5s
[2026-09-27 22:58:00 +0000]   [6/32] A-b5 seed=4 chars=200000 -> network=14.20% atOne/occ=57.2% sim=3779.2s wall=3780.1s
[2026-09-27 22:58:00 +0000] [heartbeat] 6/32 done, 63.0 min elapsed, ETA 273.0 min
[2026-09-27 22:58:01 +0000]   [7/32] A-b5 seed=15 chars=200000 -> network=15.30% atOne/occ=54.4% sim=3780.5s wall=3781.4s
[2026-09-27 22:58:05 +0000]   [8/32] A-b5 seed=3 chars=200000 -> network=14.05% atOne/occ=59.3% sim=3783.6s wall=3784.5s
[2026-09-27 22:58:13 +0000]   [9/32] A-b5 seed=14 chars=200000 -> network=14.25% atOne/occ=58.4% sim=3792.0s wall=3792.9s
[2026-09-27 22:58:14 +0000]   [10/32] A-b5 seed=11 chars=200000 -> network=14.60% atOne/occ=52.2% sim=3793.5s wall=3794.4s
[2026-09-27 22:58:19 +0000]   [11/32] A-b5 seed=5 chars=200000 -> network=14.20% atOne/occ=57.2% sim=3797.9s wall=3798.8s
[2026-09-27 22:59:00 +0000] [heartbeat] 11/32 done, 64.0 min elapsed, ETA 122.2 min
[2026-09-27 22:59:02 +0000]   [12/32] A-b5 seed=12 chars=200000 -> network=15.55% atOne/occ=56.5% sim=3840.6s wall=3841.6s
[2026-09-27 23:00:00 +0000] [heartbeat] 12/32 done, 65.0 min elapsed, ETA 108.3 min
[2026-09-27 23:01:00 +0000] [heartbeat] 12/32 done, 66.0 min elapsed, ETA 110.0 min
[2026-09-27 23:01:15 +0000]   [13/32] A-b5 seed=1 chars=15000 -> network=19.85% atOne/occ=35.8% sim=197.2s wall=197.6s
[2026-09-27 23:01:20 +0000]   [14/32] A-b5 seed=2 chars=15000 -> network=20.50% atOne/occ=33.0% sim=199.5s wall=199.9s
[2026-09-27 23:01:21 +0000]   [15/32] A-b5 seed=3 chars=15000 -> network=21.10% atOne/occ=33.0% sim=199.6s wall=200.0s
[2026-09-27 23:01:26 +0000]   [16/32] A-b5 seed=4 chars=15000 -> network=21.15% atOne/occ=33.8% sim=200.7s wall=201.1s
[2026-09-27 23:01:32 +0000]   [17/32] A-b5 seed=5 chars=15000 -> network=19.20% atOne/occ=35.6% sim=198.3s wall=198.7s
[2026-09-27 23:01:36 +0000]   [18/32] A-b5 seed=11 chars=15000 -> network=18.90% atOne/occ=35.9% sim=201.5s wall=201.9s
[2026-09-27 23:01:40 +0000]   [19/32] A-b5 seed=12 chars=15000 -> network=18.10% atOne/occ=34.9% sim=200.9s wall=201.3s
[2026-09-27 23:02:00 +0000] [heartbeat] 19/32 done, 67.0 min elapsed, ETA 45.8 min
[2026-09-27 23:02:20 +0000]   [20/32] A-b5 seed=13 chars=15000 -> network=21.45% atOne/occ=33.6% sim=198.1s wall=198.5s
[2026-09-27 23:03:00 +0000] [heartbeat] 20/32 done, 68.0 min elapsed, ETA 40.8 min
[2026-09-27 23:03:54 +0000]   [21/32] D-no-sprout seed=1 chars=15000 -> network=14.15% atOne/occ=24.9% sim=152.5s wall=152.8s
[2026-09-27 23:03:56 +0000]   [22/32] D-no-sprout seed=2 chars=15000 -> network=17.15% atOne/occ=23.1% sim=150.4s wall=150.8s
[2026-09-27 23:04:00 +0000] [heartbeat] 22/32 done, 69.0 min elapsed, ETA 31.4 min
[2026-09-27 23:04:01 +0000]   [23/32] D-no-sprout seed=3 chars=15000 -> network=17.80% atOne/occ=23.2% sim=148.8s wall=149.2s
[2026-09-27 23:04:05 +0000]   [24/32] C-default seed=1 chars=15000 -> network=15.75% atOne/occ=12.4% sim=148.1s wall=148.4s
[2026-09-27 23:04:08 +0000]   [25/32] C-default seed=2 chars=15000 -> network=18.55% atOne/occ=12.6% sim=147.1s wall=147.5s
[2026-09-27 23:04:24 +0000]   [26/32] A-b5 seed=14 chars=15000 -> network=19.30% atOne/occ=35.9% sim=188.9s wall=189.3s
[2026-09-27 23:04:27 +0000]   [27/32] A-b5 seed=15 chars=15000 -> network=17.50% atOne/occ=35.8% sim=186.2s wall=186.6s
[2026-09-27 23:04:33 +0000]   [28/32] C-default seed=3 chars=15000 -> network=18.50% atOne/occ=13.2% sim=132.4s wall=132.7s
[2026-09-27 23:05:00 +0000] [heartbeat] 28/32 done, 70.0 min elapsed, ETA 10.0 min
[2026-09-27 23:06:00 +0000] [heartbeat] 28/32 done, 71.0 min elapsed, ETA 10.1 min
[2026-09-27 23:07:00 +0000] [heartbeat] 28/32 done, 72.0 min elapsed, ETA 10.3 min
[2026-09-27 23:08:00 +0000] [heartbeat] 28/32 done, 73.0 min elapsed, ETA 10.4 min
[2026-09-27 23:09:01 +0000] [heartbeat] 28/32 done, 74.0 min elapsed, ETA 10.6 min
[2026-09-27 23:10:01 +0000] [heartbeat] 28/32 done, 75.0 min elapsed, ETA 10.7 min
[2026-09-27 23:11:01 +0000] [heartbeat] 28/32 done, 76.0 min elapsed, ETA 10.9 min
[2026-09-27 23:11:56 +0000]   [29/32] C-default seed=1 chars=200000 -> network=14.20% atOne/occ=13.4% sim=1867.9s wall=1868.6s
[2026-09-27 23:12:01 +0000] [heartbeat] 29/32 done, 77.0 min elapsed, ETA 8.0 min
[2026-09-27 23:13:01 +0000] [heartbeat] 29/32 done, 78.0 min elapsed, ETA 8.1 min
[2026-09-27 23:14:01 +0000] [heartbeat] 29/32 done, 79.0 min elapsed, ETA 8.2 min
[2026-09-27 23:15:01 +0000] [heartbeat] 29/32 done, 80.0 min elapsed, ETA 8.3 min
[2026-09-27 23:16:01 +0000] [heartbeat] 29/32 done, 81.0 min elapsed, ETA 8.4 min
[2026-09-27 23:17:01 +0000] [heartbeat] 29/32 done, 82.0 min elapsed, ETA 8.5 min
[2026-09-27 23:17:45 +0000]   [30/32] D-no-sprout seed=3 chars=200000 -> network=14.80% atOne/occ=66.8% sim=2220.4s wall=2221.1s
[2026-09-27 23:18:01 +0000] [heartbeat] 30/32 done, 83.0 min elapsed, ETA 5.5 min
[2026-09-27 23:19:01 +0000] [heartbeat] 30/32 done, 84.0 min elapsed, ETA 5.6 min
[2026-09-27 23:20:01 +0000] [heartbeat] 30/32 done, 85.0 min elapsed, ETA 5.7 min
[2026-09-27 23:21:01 +0000] [heartbeat] 30/32 done, 86.0 min elapsed, ETA 5.7 min
[2026-09-27 23:21:41 +0000]   [31/32] C-default seed=2 chars=200000 -> network=12.95% atOne/occ=12.9% sim=1459.9s wall=1460.6s
[2026-09-27 23:21:55 +0000]   [32/32] C-default seed=3 chars=200000 -> network=15.90% atOne/occ=14.2% sim=1459.4s wall=1460.0s
[2026-09-27 23:21:55 +0000] all trials finished; writing results
[2026-09-27 23:21:56 +0000] wrote C:\projects\brain\scripts\investigate-c13-permanence-trajectory.results.md
[2026-09-27 23:21:56 +0000] verdict: UNRESOLVED; controls PASS
