[2026-09-28 07:42:56 +0000] c14-credit-and-bounds: 112 trials total, 0 reused, 112 to run on 12 workers.
[2026-09-28 07:43:56 +0000] [heartbeat] 0/112 done, 1.0 min elapsed, ETA ? min
[2026-09-28 07:44:56 +0000] [heartbeat] 0/112 done, 2.0 min elapsed, ETA ? min
[2026-09-28 07:45:56 +0000] [heartbeat] 0/112 done, 3.0 min elapsed, ETA ? min
[2026-09-28 07:46:56 +0000] [heartbeat] 0/112 done, 4.0 min elapsed, ETA ? min
[2026-09-28 07:47:56 +0000] [heartbeat] 0/112 done, 5.0 min elapsed, ETA ? min
[2026-09-28 07:48:56 +0000] [heartbeat] 0/112 done, 6.0 min elapsed, ETA ? min
[2026-09-28 07:49:56 +0000] [heartbeat] 0/112 done, 7.0 min elapsed, ETA ? min
[2026-09-28 07:50:56 +0000] [heartbeat] 0/112 done, 8.0 min elapsed, ETA ? min
[2026-09-28 07:51:56 +0000] [heartbeat] 0/112 done, 9.0 min elapsed, ETA ? min
[2026-09-28 07:52:56 +0000] [heartbeat] 0/112 done, 10.0 min elapsed, ETA ? min
[2026-09-28 07:53:56 +0000] [heartbeat] 0/112 done, 11.0 min elapsed, ETA ? min
[2026-09-28 07:54:56 +0000] [heartbeat] 0/112 done, 12.0 min elapsed, ETA ? min
[2026-09-28 07:55:56 +0000] [heartbeat] 0/112 done, 13.0 min elapsed, ETA ? min
[2026-09-28 07:56:56 +0000] [heartbeat] 0/112 done, 14.0 min elapsed, ETA ? min
[2026-09-28 07:57:56 +0000] [heartbeat] 0/112 done, 15.0 min elapsed, ETA ? min
[2026-09-28 07:58:56 +0000] [heartbeat] 0/112 done, 16.0 min elapsed, ETA ? min
[2026-09-28 07:59:56 +0000] [heartbeat] 0/112 done, 17.0 min elapsed, ETA ? min
[2026-09-28 08:00:56 +0000] [heartbeat] 0/112 done, 18.0 min elapsed, ETA ? min
[2026-09-28 08:01:56 +0000] [heartbeat] 0/112 done, 19.0 min elapsed, ETA ? min
[2026-09-28 08:02:56 +0000] [heartbeat] 0/112 done, 20.0 min elapsed, ETA ? min
[2026-09-28 08:03:56 +0000] [heartbeat] 0/112 done, 21.0 min elapsed, ETA ? min
[2026-09-28 08:04:56 +0000] [heartbeat] 0/112 done, 22.0 min elapsed, ETA ? min
[2026-09-28 08:05:56 +0000] [heartbeat] 0/112 done, 23.0 min elapsed, ETA ? min
[2026-09-28 08:06:56 +0000] [heartbeat] 0/112 done, 24.0 min elapsed, ETA ? min
[2026-09-28 08:07:56 +0000] [heartbeat] 0/112 done, 25.0 min elapsed, ETA ? min
[2026-09-28 08:08:56 +0000] [heartbeat] 0/112 done, 26.0 min elapsed, ETA ? min
[2026-09-28 08:09:56 +0000] [heartbeat] 0/112 done, 27.0 min elapsed, ETA ? min
[2026-09-28 08:10:56 +0000] [heartbeat] 0/112 done, 28.0 min elapsed, ETA ? min
[2026-09-28 08:11:56 +0000] [heartbeat] 0/112 done, 29.0 min elapsed, ETA ? min
[2026-09-28 08:12:56 +0000] [heartbeat] 0/112 done, 30.0 min elapsed, ETA ? min
[2026-09-28 08:13:56 +0000] [heartbeat] 0/112 done, 31.0 min elapsed, ETA ? min
[2026-09-28 08:14:56 +0000] [heartbeat] 0/112 done, 32.0 min elapsed, ETA ? min
[2026-09-28 08:15:56 +0000] [heartbeat] 0/112 done, 33.0 min elapsed, ETA ? min
[2026-09-28 08:16:56 +0000] [heartbeat] 0/112 done, 34.0 min elapsed, ETA ? min
[2026-09-28 08:17:56 +0000] [heartbeat] 0/112 done, 35.0 min elapsed, ETA ? min
[2026-09-28 08:18:56 +0000] [heartbeat] 0/112 done, 36.0 min elapsed, ETA ? min
[2026-09-28 08:19:56 +0000] [heartbeat] 0/112 done, 37.0 min elapsed, ETA ? min
[2026-09-28 08:20:56 +0000] [heartbeat] 0/112 done, 38.0 min elapsed, ETA ? min
[2026-09-28 08:21:56 +0000] [heartbeat] 0/112 done, 39.0 min elapsed, ETA ? min
[2026-09-28 08:22:47 +0000]   [1/112] G seed=3 chars=200000 -> network=13.95% atOne/occ=45.4% conn/occ=78.8% wall=2391.2s
[2026-09-28 08:22:49 +0000]   [2/112] G seed=2 chars=200000 -> network=17.55% atOne/occ=45.3% conn/occ=80.2% wall=2393.3s
[2026-09-28 08:22:54 +0000]   [3/112] G seed=1 chars=200000 -> network=15.05% atOne/occ=45.8% conn/occ=79.9% wall=2398.8s
[2026-09-28 08:22:56 +0000] [heartbeat] 3/112 done, 40.0 min elapsed, ETA 1453.5 min
[2026-09-28 08:23:56 +0000] [heartbeat] 3/112 done, 41.0 min elapsed, ETA 1489.8 min
[2026-09-28 08:24:38 +0000]   [4/112] GS seed=3 chars=200000 -> network=13.80% atOne/occ=0.0% conn/occ=73.9% wall=2502.4s
[2026-09-28 08:24:40 +0000]   [5/112] GS seed=1 chars=200000 -> network=15.95% atOne/occ=0.0% conn/occ=74.3% wall=2504.3s
[2026-09-28 08:24:45 +0000]   [6/112] GS seed=2 chars=200000 -> network=16.35% atOne/occ=0.0% conn/occ=74.6% wall=2509.7s
[2026-09-28 08:24:56 +0000] [heartbeat] 6/112 done, 42.0 min elapsed, ETA 742.1 min
[2026-09-28 08:25:24 +0000]   [7/112] A seed=1 chars=15000 -> network=19.85% atOne/occ=35.8% conn/occ=100.0% wall=156.9s
[2026-09-28 08:25:24 +0000]   [8/112] A seed=2 chars=15000 -> network=20.50% atOne/occ=33.0% conn/occ=100.0% wall=155.2s
[2026-09-28 08:25:26 +0000]   [9/112] A seed=3 chars=15000 -> network=21.10% atOne/occ=33.0% conn/occ=100.0% wall=151.9s
[2026-09-28 08:25:56 +0000] [heartbeat] 9/112 done, 43.0 min elapsed, ETA 492.2 min
[2026-09-28 08:26:13 +0000]   [10/112] A seed=5 chars=15000 -> network=19.20% atOne/occ=35.6% conn/occ=100.0% wall=93.5s
[2026-09-28 08:26:14 +0000]   [11/112] A seed=4 chars=15000 -> network=21.15% atOne/occ=33.8% conn/occ=100.0% wall=95.5s
[2026-09-28 08:26:17 +0000]   [12/112] A seed=11 chars=15000 -> network=18.90% atOne/occ=35.9% conn/occ=99.9% wall=91.6s
[2026-09-28 08:26:18 +0000]   [13/112] A seed=2 chars=200000 -> network=14.90% atOne/occ=49.9% conn/occ=69.1% wall=2602.2s
[2026-09-28 08:26:43 +0000]   [14/112] A seed=3 chars=200000 -> network=14.05% atOne/occ=59.3% conn/occ=71.7% wall=2627.5s
[2026-09-28 08:26:46 +0000]   [15/112] A seed=1 chars=200000 -> network=17.00% atOne/occ=56.0% conn/occ=69.7% wall=2629.8s
[2026-09-28 08:26:49 +0000]   [16/112] S seed=2 chars=200000 -> network=17.00% atOne/occ=0.0% conn/occ=68.8% wall=2633.0s
[2026-09-28 08:26:53 +0000]   [17/112] A seed=13 chars=15000 -> network=21.45% atOne/occ=33.6% conn/occ=100.0% wall=88.5s
[2026-09-28 08:26:53 +0000]   [18/112] S seed=3 chars=200000 -> network=12.55% atOne/occ=0.0% conn/occ=73.3% wall=2637.0s
[2026-09-28 08:26:54 +0000]   [19/112] A seed=12 chars=15000 -> network=18.10% atOne/occ=34.9% conn/occ=100.0% wall=90.3s
[2026-09-28 08:26:56 +0000] [heartbeat] 19/112 done, 44.0 min elapsed, ETA 215.4 min
[2026-09-28 08:26:56 +0000]   [20/112] A seed=14 chars=15000 -> network=19.30% atOne/occ=35.9% conn/occ=100.0% wall=89.5s
[2026-09-28 08:27:16 +0000]   [21/112] S seed=1 chars=200000 -> network=14.15% atOne/occ=0.0% conn/occ=69.7% wall=2660.2s
[2026-09-28 08:27:45 +0000]   [22/112] A seed=15 chars=15000 -> network=17.50% atOne/occ=35.8% conn/occ=99.8% wall=91.7s
[2026-09-28 08:27:46 +0000]   [23/112] P seed=1 chars=15000 -> network=19.85% atOne/occ=35.8% conn/occ=100.0% wall=92.0s
[2026-09-28 08:27:47 +0000]   [24/112] P seed=2 chars=15000 -> network=20.50% atOne/occ=33.0% conn/occ=100.0% wall=90.4s
[2026-09-28 08:27:48 +0000]   [25/112] P seed=3 chars=15000 -> network=21.10% atOne/occ=33.0% conn/occ=100.0% wall=90.5s
[2026-09-28 08:27:56 +0000] [heartbeat] 25/112 done, 45.0 min elapsed, ETA 156.6 min
[2026-09-28 08:28:15 +0000]   [26/112] P seed=4 chars=15000 -> network=21.15% atOne/occ=33.8% conn/occ=100.0% wall=91.4s
[2026-09-28 08:28:17 +0000]   [27/112] P seed=5 chars=15000 -> network=19.20% atOne/occ=35.6% conn/occ=100.0% wall=91.7s
[2026-09-28 08:28:22 +0000]   [28/112] P seed=11 chars=15000 -> network=18.90% atOne/occ=35.9% conn/occ=99.9% wall=93.2s
[2026-09-28 08:28:24 +0000]   [29/112] P seed=13 chars=15000 -> network=21.45% atOne/occ=33.6% conn/occ=100.0% wall=91.5s
[2026-09-28 08:28:26 +0000]   [30/112] P seed=12 chars=15000 -> network=18.10% atOne/occ=34.9% conn/occ=100.0% wall=93.6s
[2026-09-28 08:28:27 +0000]   [31/112] P seed=14 chars=15000 -> network=19.30% atOne/occ=35.9% conn/occ=100.0% wall=93.3s
[2026-09-28 08:28:28 +0000]   [32/112] P seed=15 chars=15000 -> network=17.50% atOne/occ=35.8% conn/occ=99.8% wall=92.5s
[2026-09-28 08:28:48 +0000]   [33/112] G seed=1 chars=15000 -> network=20.00% atOne/occ=25.9% conn/occ=99.1% wall=92.2s
[2026-09-28 08:28:56 +0000] [heartbeat] 33/112 done, 46.0 min elapsed, ETA 110.1 min
[2026-09-28 08:29:18 +0000]   [34/112] G seed=2 chars=15000 -> network=20.55% atOne/occ=22.0% conn/occ=99.0% wall=92.5s
[2026-09-28 08:29:18 +0000]   [35/112] G seed=3 chars=15000 -> network=20.60% atOne/occ=22.7% conn/occ=98.9% wall=92.7s
[2026-09-28 08:29:20 +0000]   [36/112] G seed=4 chars=15000 -> network=20.40% atOne/occ=24.0% conn/occ=99.0% wall=92.5s
[2026-09-28 08:29:21 +0000]   [37/112] G seed=5 chars=15000 -> network=18.70% atOne/occ=25.5% conn/occ=98.9% wall=92.1s
[2026-09-28 08:29:49 +0000]   [38/112] G seed=11 chars=15000 -> network=19.35% atOne/occ=25.2% conn/occ=98.7% wall=93.9s
[2026-09-28 08:29:51 +0000]   [39/112] G seed=12 chars=15000 -> network=19.90% atOne/occ=22.7% conn/occ=97.8% wall=93.6s
[2026-09-28 08:29:55 +0000]   [40/112] G seed=13 chars=15000 -> network=21.30% atOne/occ=21.6% conn/occ=99.0% wall=93.0s
[2026-09-28 08:29:56 +0000] [heartbeat] 40/112 done, 47.0 min elapsed, ETA 84.6 min
[2026-09-28 08:29:58 +0000]   [41/112] G seed=14 chars=15000 -> network=19.45% atOne/occ=23.1% conn/occ=98.3% wall=94.2s
[2026-09-28 08:30:00 +0000]   [42/112] G seed=15 chars=15000 -> network=18.35% atOne/occ=23.9% conn/occ=98.3% wall=93.4s
[2026-09-28 08:30:02 +0000]   [43/112] S seed=1 chars=15000 -> network=19.85% atOne/occ=0.0% conn/occ=100.0% wall=94.9s
[2026-09-28 08:30:02 +0000]   [44/112] S seed=2 chars=15000 -> network=20.50% atOne/occ=0.0% conn/occ=100.0% wall=93.8s
[2026-09-28 08:30:22 +0000]   [45/112] S seed=3 chars=15000 -> network=21.10% atOne/occ=0.0% conn/occ=100.0% wall=94.0s
[2026-09-28 08:30:53 +0000]   [46/112] S seed=5 chars=15000 -> network=19.20% atOne/occ=0.0% conn/occ=100.0% wall=94.7s
[2026-09-28 08:30:53 +0000]   [47/112] S seed=4 chars=15000 -> network=21.15% atOne/occ=0.0% conn/occ=100.0% wall=95.4s
[2026-09-28 08:30:56 +0000] [heartbeat] 47/112 done, 48.0 min elapsed, ETA 66.4 min
[2026-09-28 08:30:56 +0000]   [48/112] S seed=11 chars=15000 -> network=18.95% atOne/occ=0.0% conn/occ=100.0% wall=96.2s
[2026-09-28 08:30:57 +0000]   [49/112] S seed=12 chars=15000 -> network=19.20% atOne/occ=0.0% conn/occ=100.0% wall=96.3s
[2026-09-28 08:31:23 +0000]   [50/112] S seed=13 chars=15000 -> network=21.45% atOne/occ=0.0% conn/occ=100.0% wall=94.9s
[2026-09-28 08:31:27 +0000]   [51/112] S seed=14 chars=15000 -> network=19.30% atOne/occ=0.0% conn/occ=100.0% wall=96.0s
[2026-09-28 08:31:32 +0000]   [52/112] S seed=15 chars=15000 -> network=17.35% atOne/occ=0.0% conn/occ=100.0% wall=97.0s
[2026-09-28 08:31:38 +0000]   [53/112] GS seed=1 chars=15000 -> network=20.50% atOne/occ=0.0% conn/occ=98.8% wall=99.7s
[2026-09-28 08:31:39 +0000]   [54/112] GS seed=2 chars=15000 -> network=20.60% atOne/occ=0.0% conn/occ=98.7% wall=99.0s
[2026-09-28 08:31:44 +0000]   [55/112] GS seed=3 chars=15000 -> network=21.55% atOne/occ=0.0% conn/occ=98.6% wall=101.4s
[2026-09-28 08:31:46 +0000]   [56/112] GS seed=4 chars=15000 -> network=20.55% atOne/occ=0.0% conn/occ=98.7% wall=103.5s
[2026-09-28 08:31:56 +0000] [heartbeat] 56/112 done, 49.0 min elapsed, ETA 49.0 min
[2026-09-28 08:32:21 +0000]   [57/112] GS seed=5 chars=15000 -> network=18.75% atOne/occ=0.0% conn/occ=98.9% wall=119.2s
[2026-09-28 08:32:56 +0000] [heartbeat] 57/112 done, 50.0 min elapsed, ETA 48.3 min
[2026-09-28 08:33:56 +0000] [heartbeat] 57/112 done, 51.0 min elapsed, ETA 49.2 min
[2026-09-28 08:34:04 +0000]   [58/112] GS seed=11 chars=15000 -> network=19.40% atOne/occ=0.0% conn/occ=98.7% wall=190.6s
[2026-09-28 08:34:04 +0000]   [59/112] GS seed=12 chars=15000 -> network=19.35% atOne/occ=0.0% conn/occ=96.8% wall=191.2s
[2026-09-28 08:34:06 +0000]   [60/112] GS seed=13 chars=15000 -> network=20.80% atOne/occ=0.0% conn/occ=98.5% wall=190.2s
[2026-09-28 08:34:08 +0000]   [61/112] GS seed=14 chars=15000 -> network=18.60% atOne/occ=0.0% conn/occ=98.7% wall=191.4s
[2026-09-28 08:34:40 +0000]   [62/112] GS seed=15 chars=15000 -> network=17.20% atOne/occ=0.0% conn/occ=98.7% wall=196.5s
[2026-09-28 08:34:44 +0000]   [63/112] W2 seed=1 chars=15000 -> network=19.85% atOne/occ=22.2% conn/occ=98.6% wall=197.0s
[2026-09-28 08:34:48 +0000]   [64/112] W2 seed=2 chars=15000 -> network=20.15% atOne/occ=18.0% conn/occ=97.9% wall=196.2s
[2026-09-28 08:34:56 +0000]   [65/112] W2 seed=3 chars=15000 -> network=21.00% atOne/occ=19.7% conn/occ=98.5% wall=197.5s
[2026-09-28 08:34:56 +0000] [heartbeat] 65/112 done, 52.0 min elapsed, ETA 37.6 min
[2026-09-28 08:34:58 +0000]   [66/112] W2 seed=4 chars=15000 -> network=20.25% atOne/occ=20.2% conn/occ=98.5% wall=199.4s
[2026-09-28 08:35:01 +0000]   [67/112] W2 seed=5 chars=15000 -> network=18.70% atOne/occ=21.9% conn/occ=98.4% wall=197.4s
[2026-09-28 08:35:05 +0000]   [68/112] W2 seed=11 chars=15000 -> network=19.35% atOne/occ=21.6% conn/occ=98.0% wall=199.7s
[2026-09-28 08:35:41 +0000]   [69/112] W2 seed=12 chars=15000 -> network=20.15% atOne/occ=19.6% conn/occ=97.3% wall=200.1s
[2026-09-28 08:35:56 +0000] [heartbeat] 69/112 done, 53.0 min elapsed, ETA 33.0 min
[2026-09-28 08:36:46 +0000]   [70/112] W2 seed=13 chars=15000 -> network=20.90% atOne/occ=17.8% conn/occ=97.8% wall=162.3s
[2026-09-28 08:36:49 +0000]   [71/112] W2 seed=14 chars=15000 -> network=19.20% atOne/occ=19.7% conn/occ=97.8% wall=164.6s
[2026-09-28 08:36:52 +0000]   [72/112] W2 seed=15 chars=15000 -> network=17.80% atOne/occ=21.2% conn/occ=97.8% wall=166.0s
[2026-09-28 08:36:56 +0000] [heartbeat] 72/112 done, 54.0 min elapsed, ETA 30.0 min
[2026-09-28 08:36:58 +0000]   [73/112] W8 seed=1 chars=15000 -> network=20.30% atOne/occ=28.7% conn/occ=99.3% wall=169.6s
[2026-09-28 08:37:52 +0000]   [74/112] W8 seed=2 chars=15000 -> network=20.25% atOne/occ=24.7% conn/occ=99.2% wall=192.2s
[2026-09-28 08:37:56 +0000]   [75/112] W8 seed=3 chars=15000 -> network=21.35% atOne/occ=25.2% conn/occ=99.3% wall=191.7s
[2026-09-28 08:37:56 +0000] [heartbeat] 75/112 done, 55.0 min elapsed, ETA 27.1 min
[2026-09-28 08:38:04 +0000]   [76/112] W8 seed=4 chars=15000 -> network=20.75% atOne/occ=27.4% conn/occ=99.3% wall=196.3s
[2026-09-28 08:38:11 +0000]   [77/112] W8 seed=5 chars=15000 -> network=19.05% atOne/occ=28.7% conn/occ=99.3% wall=195.4s
[2026-09-28 08:38:19 +0000]   [78/112] W8 seed=11 chars=15000 -> network=18.85% atOne/occ=28.0% conn/occ=98.9% wall=200.4s
[2026-09-28 08:38:22 +0000]   [79/112] W8 seed=12 chars=15000 -> network=19.65% atOne/occ=25.2% conn/occ=98.7% wall=200.6s
[2026-09-28 08:38:24 +0000]   [80/112] W8 seed=13 chars=15000 -> network=21.15% atOne/occ=24.5% conn/occ=98.9% wall=198.9s
[2026-09-28 08:38:54 +0000]   [81/112] W8 seed=14 chars=15000 -> network=19.05% atOne/occ=26.3% conn/occ=98.9% wall=192.5s
[2026-09-28 08:38:56 +0000] [heartbeat] 81/112 done, 56.0 min elapsed, ETA 21.4 min
[2026-09-28 08:39:25 +0000]   [82/112] W8 seed=15 chars=15000 -> network=17.80% atOne/occ=26.8% conn/occ=98.8% wall=158.9s
[2026-09-28 08:39:27 +0000]   [83/112] W16 seed=1 chars=15000 -> network=20.05% atOne/occ=30.4% conn/occ=99.5% wall=158.1s
[2026-09-28 08:39:28 +0000]   [84/112] W16 seed=2 chars=15000 -> network=20.10% atOne/occ=27.2% conn/occ=99.6% wall=155.7s
[2026-09-28 08:39:30 +0000]   [85/112] W16 seed=3 chars=15000 -> network=21.55% atOne/occ=27.3% conn/occ=99.5% wall=152.6s
[2026-09-28 08:39:56 +0000] [heartbeat] 85/112 done, 57.0 min elapsed, ETA 18.1 min
[2026-09-28 08:39:59 +0000]   [86/112] W16 seed=4 chars=15000 -> network=20.60% atOne/occ=29.2% conn/occ=99.6% wall=127.0s
[2026-09-28 08:40:00 +0000]   [87/112] W16 seed=5 chars=15000 -> network=18.45% atOne/occ=30.7% conn/occ=99.6% wall=124.0s
[2026-09-28 08:40:04 +0000]   [88/112] W16 seed=11 chars=15000 -> network=19.25% atOne/occ=29.4% conn/occ=99.5% wall=119.4s
[2026-09-28 08:40:07 +0000]   [89/112] W16 seed=12 chars=15000 -> network=19.70% atOne/occ=27.7% conn/occ=99.3% wall=115.7s
[2026-09-28 08:40:09 +0000]   [90/112] W16 seed=13 chars=15000 -> network=20.95% atOne/occ=26.2% conn/occ=99.1% wall=110.6s
[2026-09-28 08:40:11 +0000]   [91/112] W16 seed=14 chars=15000 -> network=18.60% atOne/occ=29.2% conn/occ=99.4% wall=109.8s
[2026-09-28 08:40:12 +0000]   [92/112] W16 seed=15 chars=15000 -> network=18.05% atOne/occ=29.6% conn/occ=99.2% wall=107.7s
[2026-09-28 08:40:31 +0000]   [93/112] W32 seed=1 chars=15000 -> network=19.90% atOne/occ=32.0% conn/occ=99.6% wall=97.4s
[2026-09-28 08:40:56 +0000] [heartbeat] 93/112 done, 58.0 min elapsed, ETA 11.9 min
[2026-09-28 08:41:00 +0000]   [94/112] W32 seed=2 chars=15000 -> network=20.35% atOne/occ=29.4% conn/occ=99.7% wall=95.5s
[2026-09-28 08:41:03 +0000]   [95/112] W32 seed=3 chars=15000 -> network=21.60% atOne/occ=29.3% conn/occ=99.6% wall=95.5s
[2026-09-28 08:41:04 +0000]   [96/112] W32 seed=4 chars=15000 -> network=20.75% atOne/occ=30.7% conn/occ=99.8% wall=96.0s
[2026-09-28 08:41:05 +0000]   [97/112] W32 seed=5 chars=15000 -> network=18.05% atOne/occ=33.1% conn/occ=99.8% wall=95.0s
[2026-09-28 08:41:35 +0000]   [98/112] W32 seed=11 chars=15000 -> network=18.60% atOne/occ=32.3% conn/occ=99.7% wall=95.9s
[2026-09-28 08:41:36 +0000]   [99/112] W32 seed=12 chars=15000 -> network=19.65% atOne/occ=29.7% conn/occ=99.5% wall=96.2s
[2026-09-28 08:41:38 +0000]   [100/112] W32 seed=13 chars=15000 -> network=20.85% atOne/occ=29.8% conn/occ=99.2% wall=94.7s
[2026-09-28 08:41:43 +0000]   [101/112] W32 seed=14 chars=15000 -> network=19.10% atOne/occ=31.9% conn/occ=99.5% wall=96.1s
[2026-09-28 08:41:45 +0000]   [102/112] W32 seed=15 chars=15000 -> network=17.45% atOne/occ=32.0% conn/occ=99.3% wall=95.5s
[2026-09-28 08:41:47 +0000]   [103/112] W64 seed=2 chars=15000 -> network=20.35% atOne/occ=30.3% conn/occ=99.8% wall=94.6s
[2026-09-28 08:41:47 +0000]   [104/112] W64 seed=1 chars=15000 -> network=19.70% atOne/occ=33.1% conn/occ=99.8% wall=95.5s
[2026-09-28 08:41:56 +0000] [heartbeat] 104/112 done, 59.0 min elapsed, ETA 4.5 min
[2026-09-28 08:42:03 +0000]   [105/112] W64 seed=3 chars=15000 -> network=20.95% atOne/occ=30.3% conn/occ=99.8% wall=91.9s
[2026-09-28 08:42:29 +0000]   [106/112] W64 seed=4 chars=15000 -> network=20.85% atOne/occ=31.6% conn/occ=99.8% wall=88.4s
[2026-09-28 08:42:30 +0000]   [107/112] W64 seed=5 chars=15000 -> network=17.95% atOne/occ=34.1% conn/occ=99.9% wall=87.4s
[2026-09-28 08:42:32 +0000]   [108/112] W64 seed=11 chars=15000 -> network=18.80% atOne/occ=33.5% conn/occ=99.7% wall=87.8s
[2026-09-28 08:42:33 +0000]   [109/112] W64 seed=12 chars=15000 -> network=19.75% atOne/occ=31.0% conn/occ=99.6% wall=87.6s
[2026-09-28 08:42:51 +0000]   [110/112] W64 seed=13 chars=15000 -> network=21.15% atOne/occ=30.8% conn/occ=99.6% wall=76.0s
[2026-09-28 08:42:52 +0000]   [111/112] W64 seed=14 chars=15000 -> network=19.45% atOne/occ=32.9% conn/occ=99.7% wall=76.5s
[2026-09-28 08:42:53 +0000]   [112/112] W64 seed=15 chars=15000 -> network=17.45% atOne/occ=33.2% conn/occ=99.6% wall=75.0s
[2026-09-28 08:42:53 +0000] all trials finished; writing results
[2026-09-28 08:42:54 +0000] wrote C:\projects\brain\scripts\investigate-c14-credit-and-bounds.results.md
[2026-09-28 08:42:54 +0000] controls PASS
