[2026-09-20 12:06:34] === investigate-c2-neuromodulators starting: 8 workers, corpus 15000 characters, seeds 1, 2, 3, 4, 5, 11, 12, 13, 14, 15 ===
[2026-09-20 12:06:34] winner: C[fixes -2--] ref=1 thr=3 target=permanence homeo=1 lr=0.02 tau=4 dep=2 elig=50 unsil=0.3 gap=4 elim=20000
[2026-09-20 12:06:34] 60 trials, 10 already measured, 50 to run
[2026-09-20 12:07:34] [heartbeat] C2 neuromodulator battery: 0/50 done, 8 running, elapsed 1m00s, stage ETA unknown until the first trial finishes -- NA gates predictive learning (LRN-8's reinforce/punish) s1 85% 1m00s | NA gates predictive learning (LRN-8's reinforce/punish) s2 87% 1m00s | NA gates predictive learning (LRN-8's reinforce/punish) s3 85% 1m00s | NA gates predictive learning (LRN-8's reinforce/punish) s4 87% 1m00s | NA gates predictive learning (LRN-8's reinforce/punish) s5 87% 1m00s | NA gates predictive learning (LRN-8's reinforce/punish) s11 87% 1m00s | NA gates predictive learning (LRN-8's reinforce/punish) s12 87% 1m00s | NA gates predictive learning (LRN-8's reinforce/punish) s13 87% 1m00s
[2026-09-20 12:07:46] [done 1/50] NA gates predictive learning (LRN-8's reinforce/punish) seed 5: 19.20% in 1m11s sprouted=56414 unsilenced=1173 eliminated=0 silentNow=55241
[2026-09-20 12:07:46] [done 2/50] NA gates predictive learning (LRN-8's reinforce/punish) seed 13: 21.45% in 1m12s sprouted=56552 unsilenced=1137 eliminated=0 silentNow=55415
[2026-09-20 12:07:46] [done 3/50] NA gates predictive learning (LRN-8's reinforce/punish) seed 2: 20.50% in 1m12s sprouted=56367 unsilenced=1155 eliminated=0 silentNow=55212
[2026-09-20 12:07:47] [done 4/50] NA gates predictive learning (LRN-8's reinforce/punish) seed 4: 21.15% in 1m12s sprouted=56720 unsilenced=1228 eliminated=0 silentNow=55492
[2026-09-20 12:07:47] [done 5/50] NA gates predictive learning (LRN-8's reinforce/punish) seed 11: 18.95% in 1m12s sprouted=56331 unsilenced=1257 eliminated=0 silentNow=55074
[2026-09-20 12:07:47] [done 6/50] NA gates predictive learning (LRN-8's reinforce/punish) seed 12: 19.20% in 1m12s sprouted=56557 unsilenced=1333 eliminated=0 silentNow=55224
[2026-09-20 12:07:47] [done 7/50] NA gates predictive learning (LRN-8's reinforce/punish) seed 1: 19.85% in 1m13s sprouted=56550 unsilenced=1170 eliminated=0 silentNow=55380
[2026-09-20 12:07:47] [done 8/50] NA gates predictive learning (LRN-8's reinforce/punish) seed 3: 21.10% in 1m13s sprouted=56370 unsilenced=1205 eliminated=0 silentNow=55165
[2026-09-20 12:08:34] [heartbeat] C2 neuromodulator battery: 8/50 done, 8 running, elapsed 2m00s, stage ETA 6m19s -- NA gates predictive learning (LRN-8's reinforce/punish) s14 75% 0m49s | NA gates predictive learning (LRN-8's reinforce/punish) s15 75% 0m48s | NA gates STDP (the three-factor weight update) s1 75% 0m48s | NA gates STDP (the three-factor weight update) s2 75% 0m48s | NA gates STDP (the three-factor weight update) s3 75% 0m48s | NA gates STDP (the three-factor weight update) s4 73% 0m48s | NA gates STDP (the three-factor weight update) s5 73% 0m47s | NA gates STDP (the three-factor weight update) s11 73% 0m47s
[2026-09-20 12:08:57] [done 9/50] NA gates STDP (the three-factor weight update) seed 1: 19.20% in 1m11s sprouted=56563 unsilenced=1179 eliminated=0 silentNow=55384
[2026-09-20 12:08:57] [done 10/50] NA gates predictive learning (LRN-8's reinforce/punish) seed 15: 17.50% in 1m11s sprouted=57147 unsilenced=1192 eliminated=0 silentNow=55955
[2026-09-20 12:08:57] [done 11/50] NA gates STDP (the three-factor weight update) seed 2: 20.60% in 1m10s sprouted=56370 unsilenced=1160 eliminated=0 silentNow=55210
[2026-09-20 12:08:57] [done 12/50] NA gates STDP (the three-factor weight update) seed 5: 19.60% in 1m10s sprouted=56421 unsilenced=1210 eliminated=0 silentNow=55211
[2026-09-20 12:08:57] [done 13/50] NA gates STDP (the three-factor weight update) seed 3: 21.25% in 1m11s sprouted=56373 unsilenced=1197 eliminated=0 silentNow=55176
[2026-09-20 12:08:57] [done 14/50] NA gates predictive learning (LRN-8's reinforce/punish) seed 14: 19.30% in 1m11s sprouted=56328 unsilenced=1284 eliminated=0 silentNow=55044
[2026-09-20 12:08:58] [done 15/50] NA gates STDP (the three-factor weight update) seed 4: 20.80% in 1m11s sprouted=56715 unsilenced=1243 eliminated=0 silentNow=55472
[2026-09-20 12:08:58] [done 16/50] NA gates STDP (the three-factor weight update) seed 11: 19.20% in 1m11s sprouted=56384 unsilenced=1243 eliminated=0 silentNow=55141
[2026-09-20 12:09:34] [heartbeat] C2 neuromodulator battery: 16/50 done, 8 running, elapsed 3m00s, stage ETA 5m04s -- NA gates STDP (the three-factor weight update) s12 62% 0m38s | NA gates STDP (the three-factor weight update) s13 62% 0m38s | NA gates STDP (the three-factor weight update) s14 62% 0m38s | NA gates STDP (the three-factor weight update) s15 62% 0m37s | NA gates both s1 62% 0m37s | NA gates both s2 62% 0m37s | NA gates both s3 62% 0m37s | NA gates both s4 60% 0m36s
[2026-09-20 12:10:08] [done 17/50] NA gates both seed 2: 20.60% in 1m11s sprouted=56370 unsilenced=1160 eliminated=0 silentNow=55210
[2026-09-20 12:10:08] [done 18/50] NA gates STDP (the three-factor weight update) seed 13: 21.05% in 1m11s sprouted=56553 unsilenced=1147 eliminated=0 silentNow=55406
[2026-09-20 12:10:08] [done 19/50] NA gates both seed 3: 21.25% in 1m11s sprouted=56373 unsilenced=1197 eliminated=0 silentNow=55176
[2026-09-20 12:10:09] [done 20/50] NA gates STDP (the three-factor weight update) seed 12: 18.80% in 1m12s sprouted=56849 unsilenced=1330 eliminated=0 silentNow=55046
[2026-09-20 12:10:09] [done 21/50] NA gates STDP (the three-factor weight update) seed 15: 18.70% in 1m12s sprouted=57140 unsilenced=1186 eliminated=0 silentNow=55954
[2026-09-20 12:10:09] [done 22/50] NA gates STDP (the three-factor weight update) seed 14: 19.55% in 1m12s sprouted=56329 unsilenced=1276 eliminated=0 silentNow=55053
[2026-09-20 12:10:09] [done 23/50] NA gates both seed 1: 19.20% in 1m12s sprouted=56563 unsilenced=1179 eliminated=0 silentNow=55384
[2026-09-20 12:10:10] [done 24/50] NA gates both seed 4: 20.80% in 1m12s sprouted=56713 unsilenced=1244 eliminated=0 silentNow=55469
[2026-09-20 12:10:34] [heartbeat] C2 neuromodulator battery: 24/50 done, 8 running, elapsed 4m00s, stage ETA 3m52s -- NA gates both s5 48% 0m26s | NA gates both s11 48% 0m26s | NA gates both s12 48% 0m26s | NA gates both s13 48% 0m26s | NA gates both s14 48% 0m26s | NA gates both s15 48% 0m26s | ACh driven by expected uncertainty, not held at 1.0 s1 45% 0m25s | ACh driven by expected uncertainty, not held at 1.0 s2 43% 0m24s
[2026-09-20 12:11:19] [done 25/50] NA gates both seed 5: 19.60% in 1m11s sprouted=56421 unsilenced=1210 eliminated=0 silentNow=55211
[2026-09-20 12:11:19] [done 26/50] NA gates both seed 13: 21.05% in 1m11s sprouted=56553 unsilenced=1147 eliminated=0 silentNow=55406
[2026-09-20 12:11:20] [done 27/50] NA gates both seed 15: 18.70% in 1m11s sprouted=57140 unsilenced=1186 eliminated=0 silentNow=55954
[2026-09-20 12:11:20] [done 28/50] NA gates both seed 14: 19.55% in 1m11s sprouted=56329 unsilenced=1276 eliminated=0 silentNow=55053
[2026-09-20 12:11:20] [done 29/50] NA gates both seed 11: 19.25% in 1m12s sprouted=56384 unsilenced=1241 eliminated=0 silentNow=55143
[2026-09-20 12:11:20] [done 30/50] NA gates both seed 12: 18.75% in 1m12s sprouted=56819 unsilenced=1334 eliminated=0 silentNow=55012
[2026-09-20 12:11:28] [done 31/50] ACh driven by expected uncertainty, not held at 1.0 seed 1: 19.10% in 1m19s sprouted=57129 unsilenced=2129 eliminated=0 silentNow=54651
[2026-09-20 12:11:29] [done 32/50] ACh driven by expected uncertainty, not held at 1.0 seed 2: 17.95% in 1m19s sprouted=57571 unsilenced=2220 eliminated=0 silentNow=53960
[2026-09-20 12:11:34] [heartbeat] C2 neuromodulator battery: 32/50 done, 8 running, elapsed 5m00s, stage ETA 2m42s -- ACh driven by expected uncertainty, not held at 1.0 s3 33% 0m16s | ACh driven by expected uncertainty, not held at 1.0 s4 33% 0m15s | ACh driven by expected uncertainty, not held at 1.0 s5 33% 0m15s | ACh driven by expected uncertainty, not held at 1.0 s11 33% 0m15s | ACh driven by expected uncertainty, not held at 1.0 s12 32% 0m14s | ACh driven by expected uncertainty, not held at 1.0 s13 32% 0m14s | ACh driven by expected uncertainty, not held at 1.0 s14 22% 0m06s | ACh driven by expected uncertainty, not held at 1.0 s15 22% 0m06s
[2026-09-20 12:12:34] [heartbeat] C2 neuromodulator battery: 32/50 done, 8 running, elapsed 6m00s, stage ETA 2m42s -- ACh driven by expected uncertainty, not held at 1.0 s3 97% 1m16s | ACh driven by expected uncertainty, not held at 1.0 s4 97% 1m15s | ACh driven by expected uncertainty, not held at 1.0 s5 95% 1m15s | ACh driven by expected uncertainty, not held at 1.0 s11 95% 1m15s | ACh driven by expected uncertainty, not held at 1.0 s12 95% 1m14s | ACh driven by expected uncertainty, not held at 1.0 s13 95% 1m14s | ACh driven by expected uncertainty, not held at 1.0 s14 87% 1m06s | ACh driven by expected uncertainty, not held at 1.0 s15 87% 1m06s
[2026-09-20 12:12:37] [done 33/50] ACh driven by expected uncertainty, not held at 1.0 seed 3: 21.40% in 1m18s sprouted=56886 unsilenced=2164 eliminated=0 silentNow=54654
[2026-09-20 12:12:38] [done 34/50] ACh driven by expected uncertainty, not held at 1.0 seed 4: 20.10% in 1m18s sprouted=57283 unsilenced=2162 eliminated=0 silentNow=55120
[2026-09-20 12:12:38] [done 35/50] ACh driven by expected uncertainty, not held at 1.0 seed 5: 19.75% in 1m19s sprouted=58022 unsilenced=2424 eliminated=0 silentNow=54111
[2026-09-20 12:12:39] [done 36/50] ACh driven by expected uncertainty, not held at 1.0 seed 13: 20.45% in 1m18s sprouted=57238 unsilenced=2203 eliminated=0 silentNow=54877
[2026-09-20 12:12:39] [done 37/50] ACh driven by expected uncertainty, not held at 1.0 seed 11: 21.30% in 1m20s sprouted=56746 unsilenced=2247 eliminated=0 silentNow=54340
[2026-09-20 12:12:40] [done 38/50] ACh driven by expected uncertainty, not held at 1.0 seed 12: 20.90% in 1m20s sprouted=56971 unsilenced=2300 eliminated=0 silentNow=54370
[2026-09-20 12:12:47] [done 39/50] ACh driven by expected uncertainty, not held at 1.0 seed 14: 19.45% in 1m18s sprouted=56876 unsilenced=2180 eliminated=0 silentNow=54617
[2026-09-20 12:12:48] [done 40/50] ACh driven by expected uncertainty, not held at 1.0 seed 15: 20.20% in 1m19s sprouted=58046 unsilenced=2157 eliminated=0 silentNow=55450
[2026-09-20 12:13:34] [heartbeat] C2 neuromodulator battery: 40/50 done, 8 running, elapsed 7m00s, stage ETA 1m32s -- gain 0 identity (VAL-9 ablation control -- must equal the reference exactly) s1 85% 0m57s | gain 0 identity (VAL-9 ablation control -- must equal the reference exactly) s2 85% 0m57s | gain 0 identity (VAL-9 ablation control -- must equal the reference exactly) s3 83% 0m56s | gain 0 identity (VAL-9 ablation control -- must equal the reference exactly) s4 83% 0m56s | gain 0 identity (VAL-9 ablation control -- must equal the reference exactly) s5 82% 0m55s | gain 0 identity (VAL-9 ablation control -- must equal the reference exactly) s11 82% 0m55s | gain 0 identity (VAL-9 ablation control -- must equal the reference exactly) s12 73% 0m48s | gain 0 identity (VAL-9 ablation control -- must equal the reference exactly) s13 72% 0m47s
[2026-09-20 12:13:48] [done 41/50] gain 0 identity (VAL-9 ablation control -- must equal the reference exactly) seed 1: 19.30% in 1m11s sprouted=56562 unsilenced=1179 eliminated=0 silentNow=55383
[2026-09-20 12:13:48] [done 42/50] gain 0 identity (VAL-9 ablation control -- must equal the reference exactly) seed 2: 20.55% in 1m10s sprouted=56367 unsilenced=1159 eliminated=0 silentNow=55208
[2026-09-20 12:13:49] [done 43/50] gain 0 identity (VAL-9 ablation control -- must equal the reference exactly) seed 3: 21.25% in 1m11s sprouted=56373 unsilenced=1196 eliminated=0 silentNow=55177
[2026-09-20 12:13:50] [done 44/50] gain 0 identity (VAL-9 ablation control -- must equal the reference exactly) seed 4: 20.85% in 1m11s sprouted=56715 unsilenced=1244 eliminated=0 silentNow=55471
[2026-09-20 12:13:50] [done 45/50] gain 0 identity (VAL-9 ablation control -- must equal the reference exactly) seed 5: 19.60% in 1m11s sprouted=56421 unsilenced=1210 eliminated=0 silentNow=55211
[2026-09-20 12:13:50] [done 46/50] gain 0 identity (VAL-9 ablation control -- must equal the reference exactly) seed 11: 18.95% in 1m11s sprouted=56379 unsilenced=1239 eliminated=0 silentNow=55140
[2026-09-20 12:13:56] [done 47/50] gain 0 identity (VAL-9 ablation control -- must equal the reference exactly) seed 12: 18.70% in 1m10s sprouted=56845 unsilenced=1331 eliminated=0 silentNow=55041
[2026-09-20 12:13:57] [done 48/50] gain 0 identity (VAL-9 ablation control -- must equal the reference exactly) seed 13: 21.05% in 1m09s sprouted=56550 unsilenced=1148 eliminated=0 silentNow=55402
[2026-09-20 12:14:34] [heartbeat] C2 neuromodulator battery: 48/50 done, 2 running, elapsed 8m00s, stage ETA 0m18s -- gain 0 identity (VAL-9 ablation control -- must equal the reference exactly) s14 88% 0m46s | gain 0 identity (VAL-9 ablation control -- must equal the reference exactly) s15 88% 0m46s
[2026-09-20 12:14:42] [done 49/50] gain 0 identity (VAL-9 ablation control -- must equal the reference exactly) seed 14: 19.45% in 0m54s sprouted=56321 unsilenced=1271 eliminated=0 silentNow=55050
[2026-09-20 12:14:43] [done 50/50] gain 0 identity (VAL-9 ablation control -- must equal the reference exactly) seed 15: 18.70% in 0m54s sprouted=57140 unsilenced=1186 eliminated=0 silentNow=55954
[2026-09-20 12:14:43] === done: C:\projects\brain\scripts\investigate-c2-neuromodulators.results.md ===
[2026-09-20 14:15:42] === investigate-c2-neuromodulators starting: 8 workers, corpus 15000 characters, seeds 1, 2, 3, 4, 5, 11, 12, 13, 14, 15 ===
[2026-09-20 14:15:42] winner: C[fixes -2--] ref=1 thr=3 target=permanence homeo=1 lr=0.02 tau=4 dep=2 elig=50 unsil=0.3 gap=4 elim=20000
[2026-09-20 14:15:42] 60 trials, 50 already measured, 10 to run
[2026-09-20 14:16:14] === investigate-c2-neuromodulators starting: 8 workers, corpus 15000 characters, seeds 1, 2, 3, 4, 5, 11, 12, 13, 14, 15 ===
[2026-09-20 14:16:14] winner: C[fixes -2--] ref=1 thr=3 target=permanence homeo=1 lr=0.02 tau=4 dep=2 elig=50 unsil=0.3 gap=4 elim=20000
[2026-09-20 14:16:14] 60 trials, 10 already measured, 50 to run
[2026-09-20 14:17:14] [heartbeat] C2 neuromodulator battery: 0/50 done, 8 running, elapsed 1m00s, stage ETA unknown until the first trial finishes -- NA gates predictive learning (LRN-8's reinforce/punish) s1 78% 1m00s | NA gates predictive learning (LRN-8's reinforce/punish) s2 80% 1m00s | NA gates predictive learning (LRN-8's reinforce/punish) s3 80% 1m00s | NA gates predictive learning (LRN-8's reinforce/punish) s4 78% 1m00s | NA gates predictive learning (LRN-8's reinforce/punish) s5 80% 1m00s | NA gates predictive learning (LRN-8's reinforce/punish) s11 78% 1m00s | NA gates predictive learning (LRN-8's reinforce/punish) s12 78% 1m00s | NA gates predictive learning (LRN-8's reinforce/punish) s13 80% 1m00s
[2026-09-20 14:17:33] [done 1/50] NA gates predictive learning (LRN-8's reinforce/punish) seed 13: 21.45% in 1m19s sprouted=56552 unsilenced=1137 eliminated=0 silentNow=55415
[2026-09-20 14:17:33] [done 2/50] NA gates predictive learning (LRN-8's reinforce/punish) seed 5: 19.20% in 1m19s sprouted=56414 unsilenced=1173 eliminated=0 silentNow=55241
[2026-09-20 14:17:33] [done 3/50] NA gates predictive learning (LRN-8's reinforce/punish) seed 3: 21.10% in 1m19s sprouted=56370 unsilenced=1205 eliminated=0 silentNow=55165
[2026-09-20 14:17:33] [done 4/50] NA gates predictive learning (LRN-8's reinforce/punish) seed 2: 20.50% in 1m19s sprouted=56367 unsilenced=1155 eliminated=0 silentNow=55212
[2026-09-20 14:17:34] [done 5/50] NA gates predictive learning (LRN-8's reinforce/punish) seed 4: 21.15% in 1m19s sprouted=56720 unsilenced=1228 eliminated=0 silentNow=55492
[2026-09-20 14:17:34] [done 6/50] NA gates predictive learning (LRN-8's reinforce/punish) seed 11: 18.95% in 1m20s sprouted=56331 unsilenced=1257 eliminated=0 silentNow=55074
[2026-09-20 14:17:34] [done 7/50] NA gates predictive learning (LRN-8's reinforce/punish) seed 1: 19.85% in 1m20s sprouted=56550 unsilenced=1170 eliminated=0 silentNow=55380
[2026-09-20 14:17:34] [done 8/50] NA gates predictive learning (LRN-8's reinforce/punish) seed 12: 19.20% in 1m20s sprouted=56557 unsilenced=1333 eliminated=0 silentNow=55224
[2026-09-20 14:18:14] [heartbeat] C2 neuromodulator battery: 8/50 done, 8 running, elapsed 2m00s, stage ETA 6m56s -- NA gates predictive learning (LRN-8's reinforce/punish) s14 63% 0m41s | NA gates predictive learning (LRN-8's reinforce/punish) s15 65% 0m41s | NA gates STDP (the three-factor weight update) s1 65% 0m41s | NA gates STDP (the three-factor weight update) s2 65% 0m41s | NA gates STDP (the three-factor weight update) s3 65% 0m41s | NA gates STDP (the three-factor weight update) s4 63% 0m40s | NA gates STDP (the three-factor weight update) s5 63% 0m40s | NA gates STDP (the three-factor weight update) s11 63% 0m40s
[2026-09-20 14:18:45] [done 9/50] NA gates STDP (the three-factor weight update) seed 2: 20.60% in 1m12s sprouted=56370 unsilenced=1160 eliminated=0 silentNow=55210
[2026-09-20 14:18:45] [done 10/50] NA gates predictive learning (LRN-8's reinforce/punish) seed 15: 17.50% in 1m12s sprouted=57147 unsilenced=1192 eliminated=0 silentNow=55955
[2026-09-20 14:18:46] [done 11/50] NA gates STDP (the three-factor weight update) seed 1: 19.20% in 1m13s sprouted=56563 unsilenced=1179 eliminated=0 silentNow=55384
[2026-09-20 14:18:46] [done 12/50] NA gates STDP (the three-factor weight update) seed 3: 21.25% in 1m12s sprouted=56373 unsilenced=1197 eliminated=0 silentNow=55176
[2026-09-20 14:18:46] [done 13/50] NA gates STDP (the three-factor weight update) seed 5: 19.60% in 1m12s sprouted=56421 unsilenced=1210 eliminated=0 silentNow=55211
[2026-09-20 14:18:47] [done 14/50] NA gates STDP (the three-factor weight update) seed 4: 20.80% in 1m13s sprouted=56715 unsilenced=1243 eliminated=0 silentNow=55472
[2026-09-20 14:18:47] [done 15/50] NA gates STDP (the three-factor weight update) seed 11: 19.20% in 1m13s sprouted=56384 unsilenced=1243 eliminated=0 silentNow=55141
[2026-09-20 14:18:48] [done 16/50] NA gates predictive learning (LRN-8's reinforce/punish) seed 14: 19.30% in 1m15s sprouted=56328 unsilenced=1284 eliminated=0 silentNow=55044
[2026-09-20 14:19:14] [heartbeat] C2 neuromodulator battery: 16/50 done, 8 running, elapsed 3m00s, stage ETA 5m23s -- NA gates STDP (the three-factor weight update) s12 52% 0m29s | NA gates STDP (the three-factor weight update) s13 50% 0m29s | NA gates STDP (the three-factor weight update) s14 50% 0m28s | NA gates STDP (the three-factor weight update) s15 50% 0m28s | NA gates both s1 50% 0m28s | NA gates both s2 50% 0m28s | NA gates both s3 48% 0m27s | NA gates both s4 47% 0m26s
[2026-09-20 14:19:57] [done 17/50] NA gates STDP (the three-factor weight update) seed 13: 21.05% in 1m12s sprouted=56553 unsilenced=1147 eliminated=0 silentNow=55406
[2026-09-20 14:19:57] [done 18/50] NA gates STDP (the three-factor weight update) seed 12: 18.80% in 1m13s sprouted=56849 unsilenced=1330 eliminated=0 silentNow=55046
[2026-09-20 14:19:58] [done 19/50] NA gates STDP (the three-factor weight update) seed 15: 18.70% in 1m12s sprouted=57140 unsilenced=1186 eliminated=0 silentNow=55954
[2026-09-20 14:19:58] [done 20/50] NA gates STDP (the three-factor weight update) seed 14: 19.55% in 1m12s sprouted=56329 unsilenced=1276 eliminated=0 silentNow=55053
[2026-09-20 14:19:58] [done 21/50] NA gates both seed 2: 20.60% in 1m12s sprouted=56370 unsilenced=1160 eliminated=0 silentNow=55210
[2026-09-20 14:19:59] [done 22/50] NA gates both seed 1: 19.20% in 1m12s sprouted=56563 unsilenced=1179 eliminated=0 silentNow=55384
[2026-09-20 14:19:59] [done 23/50] NA gates both seed 3: 21.25% in 1m12s sprouted=56373 unsilenced=1197 eliminated=0 silentNow=55176
[2026-09-20 14:20:00] [done 24/50] NA gates both seed 4: 20.80% in 1m12s sprouted=56713 unsilenced=1244 eliminated=0 silentNow=55469
[2026-09-20 14:20:14] [heartbeat] C2 neuromodulator battery: 24/50 done, 8 running, elapsed 4m00s, stage ETA 4m03s -- NA gates both s5 37% 0m17s | NA gates both s11 37% 0m17s | NA gates both s12 37% 0m16s | NA gates both s13 35% 0m16s | NA gates both s14 35% 0m16s | NA gates both s15 35% 0m16s | ACh driven by expected uncertainty, not held at 1.0 s1 33% 0m15s | ACh driven by expected uncertainty, not held at 1.0 s2 32% 0m14s
[2026-09-20 14:21:07] [done 25/50] NA gates both seed 5: 19.60% in 1m10s sprouted=56421 unsilenced=1210 eliminated=0 silentNow=55211
[2026-09-20 14:21:08] [done 26/50] NA gates both seed 11: 19.25% in 1m10s sprouted=56384 unsilenced=1241 eliminated=0 silentNow=55143
[2026-09-20 14:21:08] [done 27/50] NA gates both seed 13: 21.05% in 1m10s sprouted=56553 unsilenced=1147 eliminated=0 silentNow=55406
[2026-09-20 14:21:08] [done 28/50] NA gates both seed 14: 19.55% in 1m10s sprouted=56329 unsilenced=1276 eliminated=0 silentNow=55053
[2026-09-20 14:21:08] [done 29/50] NA gates both seed 15: 18.70% in 1m10s sprouted=57140 unsilenced=1186 eliminated=0 silentNow=55954
[2026-09-20 14:21:09] [done 30/50] NA gates both seed 12: 18.75% in 1m11s sprouted=56819 unsilenced=1334 eliminated=0 silentNow=55012
[2026-09-20 14:21:14] [heartbeat] C2 neuromodulator battery: 30/50 done, 8 running, elapsed 5m00s, stage ETA 3m05s -- ACh driven by expected uncertainty, not held at 1.0 s1 97% 1m15s | ACh driven by expected uncertainty, not held at 1.0 s2 95% 1m14s | ACh driven by expected uncertainty, not held at 1.0 s3 23% 0m07s | ACh driven by expected uncertainty, not held at 1.0 s4 22% 0m06s | ACh driven by expected uncertainty, not held at 1.0 s5 22% 0m06s | ACh driven by expected uncertainty, not held at 1.0 s11 22% 0m06s | ACh driven by expected uncertainty, not held at 1.0 s12 22% 0m06s | ACh driven by expected uncertainty, not held at 1.0 s13 22% 0m05s
[2026-09-20 14:21:16] [done 31/50] ACh driven by expected uncertainty, not held at 1.0 seed 1: 19.10% in 1m18s sprouted=57129 unsilenced=2129 eliminated=0 silentNow=54651
[2026-09-20 14:21:18] [done 32/50] ACh driven by expected uncertainty, not held at 1.0 seed 2: 17.95% in 1m18s sprouted=57571 unsilenced=2220 eliminated=0 silentNow=53960
[2026-09-20 14:22:14] [heartbeat] C2 neuromodulator battery: 32/50 done, 8 running, elapsed 6m00s, stage ETA 2m47s -- ACh driven by expected uncertainty, not held at 1.0 s3 88% 1m07s | ACh driven by expected uncertainty, not held at 1.0 s4 88% 1m06s | ACh driven by expected uncertainty, not held at 1.0 s5 88% 1m06s | ACh driven by expected uncertainty, not held at 1.0 s11 87% 1m06s | ACh driven by expected uncertainty, not held at 1.0 s12 87% 1m06s | ACh driven by expected uncertainty, not held at 1.0 s13 87% 1m05s | ACh driven by expected uncertainty, not held at 1.0 s14 78% 0m58s | ACh driven by expected uncertainty, not held at 1.0 s15 78% 0m56s
[2026-09-20 14:22:25] [done 33/50] ACh driven by expected uncertainty, not held at 1.0 seed 3: 21.40% in 1m18s sprouted=56886 unsilenced=2164 eliminated=0 silentNow=54654
[2026-09-20 14:22:26] [done 34/50] ACh driven by expected uncertainty, not held at 1.0 seed 4: 20.10% in 1m18s sprouted=57283 unsilenced=2162 eliminated=0 silentNow=55120
[2026-09-20 14:22:26] [done 35/50] ACh driven by expected uncertainty, not held at 1.0 seed 5: 19.75% in 1m18s sprouted=58022 unsilenced=2424 eliminated=0 silentNow=54111
[2026-09-20 14:22:27] [done 36/50] ACh driven by expected uncertainty, not held at 1.0 seed 13: 20.45% in 1m18s sprouted=57238 unsilenced=2203 eliminated=0 silentNow=54877
[2026-09-20 14:22:27] [done 37/50] ACh driven by expected uncertainty, not held at 1.0 seed 12: 20.90% in 1m19s sprouted=56971 unsilenced=2300 eliminated=0 silentNow=54370
[2026-09-20 14:22:28] [done 38/50] ACh driven by expected uncertainty, not held at 1.0 seed 11: 21.30% in 1m19s sprouted=56746 unsilenced=2247 eliminated=0 silentNow=54340
[2026-09-20 14:22:35] [done 39/50] ACh driven by expected uncertainty, not held at 1.0 seed 14: 19.45% in 1m18s sprouted=56876 unsilenced=2180 eliminated=0 silentNow=54617
[2026-09-20 14:22:36] [done 40/50] ACh driven by expected uncertainty, not held at 1.0 seed 15: 20.20% in 1m18s sprouted=58046 unsilenced=2157 eliminated=0 silentNow=55450
[2026-09-20 14:23:14] [heartbeat] C2 neuromodulator battery: 40/50 done, 8 running, elapsed 7m00s, stage ETA 1m34s -- coupling on, no consumer (inertness control -- must equal the reference exactly) s1 75% 0m50s | coupling on, no consumer (inertness control -- must equal the reference exactly) s2 75% 0m49s | coupling on, no consumer (inertness control -- must equal the reference exactly) s3 75% 0m48s | coupling on, no consumer (inertness control -- must equal the reference exactly) s4 73% 0m48s | coupling on, no consumer (inertness control -- must equal the reference exactly) s5 72% 0m47s | coupling on, no consumer (inertness control -- must equal the reference exactly) s11 72% 0m46s | coupling on, no consumer (inertness control -- must equal the reference exactly) s12 63% 0m39s | coupling on, no consumer (inertness control -- must equal the reference exactly) s13 62% 0m38s
[2026-09-20 14:23:36] [done 41/50] coupling on, no consumer (inertness control -- must equal the reference exactly) seed 1: 19.85% in 1m12s sprouted=56550 unsilenced=1170 eliminated=0 silentNow=55380
[2026-09-20 14:23:37] [done 42/50] coupling on, no consumer (inertness control -- must equal the reference exactly) seed 2: 20.50% in 1m11s sprouted=56367 unsilenced=1155 eliminated=0 silentNow=55212
[2026-09-20 14:23:37] [done 43/50] coupling on, no consumer (inertness control -- must equal the reference exactly) seed 3: 21.10% in 1m12s sprouted=56370 unsilenced=1205 eliminated=0 silentNow=55165
[2026-09-20 14:23:38] [done 44/50] coupling on, no consumer (inertness control -- must equal the reference exactly) seed 4: 21.15% in 1m11s sprouted=56720 unsilenced=1228 eliminated=0 silentNow=55492
[2026-09-20 14:23:38] [done 45/50] coupling on, no consumer (inertness control -- must equal the reference exactly) seed 5: 19.20% in 1m11s sprouted=56414 unsilenced=1173 eliminated=0 silentNow=55241
[2026-09-20 14:23:39] [done 46/50] coupling on, no consumer (inertness control -- must equal the reference exactly) seed 11: 18.90% in 1m12s sprouted=56331 unsilenced=1258 eliminated=0 silentNow=55073
[2026-09-20 14:23:46] [done 47/50] coupling on, no consumer (inertness control -- must equal the reference exactly) seed 12: 18.10% in 1m11s sprouted=56552 unsilenced=1339 eliminated=0 silentNow=55213
[2026-09-20 14:23:46] [done 48/50] coupling on, no consumer (inertness control -- must equal the reference exactly) seed 13: 21.45% in 1m10s sprouted=56552 unsilenced=1137 eliminated=0 silentNow=55415
[2026-09-20 14:24:14] [heartbeat] C2 neuromodulator battery: 48/50 done, 2 running, elapsed 8m00s, stage ETA 0m19s -- coupling on, no consumer (inertness control -- must equal the reference exactly) s14 75% 0m38s | coupling on, no consumer (inertness control -- must equal the reference exactly) s15 75% 0m38s
[2026-09-20 14:24:31] [done 49/50] coupling on, no consumer (inertness control -- must equal the reference exactly) seed 15: 17.50% in 0m54s sprouted=57147 unsilenced=1192 eliminated=0 silentNow=55955
[2026-09-20 14:24:31] [done 50/50] coupling on, no consumer (inertness control -- must equal the reference exactly) seed 14: 19.30% in 0m54s sprouted=56328 unsilenced=1284 eliminated=0 silentNow=55044
[2026-09-20 14:24:31] === done: C:\projects\brain\scripts\investigate-c2-neuromodulators.results.md ===
