[2026-09-30 22:16:43] === investigate-c12-selective-downscaling starting: 12 workers, corpus 15000 characters, seeds 1, 2, 3, 4, 5, 11, 12, 13, 14, 15; events/char 92 (seed 1 at HEAD (VAL4_CONFIG, gated): 64.02 over the first 1,500 characters, 91.01 over the last 1,500 -- 92 still covers a whole interval) ===
[2026-09-30 22:16:43] 60 trials, 0 already measured, 60 to run
[2026-09-30 22:17:43] [heartbeat] C12 selective downscaling battery: 0/60 done, 12 running, elapsed 1m00s, stage ETA unknown until the first trial finishes -- NS s1 70% 1m00s | NS s2 70% 1m00s | NS s3 70% 1m00s | NS s4 70% 1m00s | NS s5 70% 1m00s | NS s11 70% 1m00s | NS s12 70% 1m00s | NS s13 70% 1m00s | NS s14 70% 1m00s | NS s15 70% 1m00s | U750 s1 48% 1m00s | U750 s2 48% 1m00s
[2026-09-30 22:18:16] [done 1/60] NS seed 5: 18.70% in 1m33s sprouted=61904 unsilenced=1258 eliminated=0 silentNow=51948
[2026-09-30 22:18:16] [done 2/60] NS seed 2: 20.55% in 1m33s sprouted=61977 unsilenced=1248 eliminated=0 silentNow=51781
[2026-09-30 22:18:17] [done 3/60] NS seed 15: 18.35% in 1m34s sprouted=63413 unsilenced=1259 eliminated=0 silentNow=52043
[2026-09-30 22:18:17] [done 4/60] NS seed 13: 21.30% in 1m34s sprouted=62868 unsilenced=1231 eliminated=0 silentNow=51415
[2026-09-30 22:18:17] [done 5/60] NS seed 4: 20.40% in 1m34s sprouted=64054 unsilenced=1317 eliminated=0 silentNow=52104
[2026-09-30 22:18:17] [done 6/60] NS seed 12: 19.90% in 1m34s sprouted=66306 unsilenced=1526 eliminated=0 silentNow=49190
[2026-09-30 22:18:17] [done 7/60] NS seed 3: 20.60% in 1m34s sprouted=64966 unsilenced=1350 eliminated=0 silentNow=50785
[2026-09-30 22:18:17] [done 8/60] NS seed 1: 20.00% in 1m35s sprouted=61927 unsilenced=1244 eliminated=0 silentNow=52069
[2026-09-30 22:18:17] [done 9/60] NS seed 11: 19.35% in 1m35s sprouted=64296 unsilenced=1377 eliminated=0 silentNow=50960
[2026-09-30 22:18:17] [done 10/60] NS seed 14: 19.45% in 1m35s sprouted=65795 unsilenced=1404 eliminated=0 silentNow=50110
[2026-09-30 22:18:43] [heartbeat] C12 selective downscaling battery: 10/60 done, 12 running, elapsed 2m00s, stage ETA 6m32s -- U750 s1 85% 2m00s | U750 s2 87% 2m00s | U750 s3 28% 0m27s | U750 s4 28% 0m27s | U750 s5 28% 0m26s | U750 s11 28% 0m26s | U750 s12 28% 0m26s | U750 s13 28% 0m26s | U750 s14 28% 0m26s | U750 s15 28% 0m25s | U750@6 s1 28% 0m25s | U750@6 s2 28% 0m25s
[2026-09-30 22:19:02] [done 11/60] U750 seed 2: 19.55% in 2m19s sprouted=59163 unsilenced=564 eliminated=0 silentNow=56044
[2026-09-30 22:19:04] [done 12/60] U750 seed 1: 17.85% in 2m21s sprouted=60113 unsilenced=598 eliminated=0 silentNow=56159
[2026-09-30 22:19:43] [heartbeat] C12 selective downscaling battery: 12/60 done, 12 running, elapsed 3m00s, stage ETA 6m47s -- U750 s3 68% 1m27s | U750 s4 67% 1m27s | U750 s5 67% 1m26s | U750 s11 67% 1m26s | U750 s12 67% 1m26s | U750 s13 67% 1m26s | U750 s14 65% 1m26s | U750 s15 65% 1m26s | U750@6 s1 65% 1m25s | U750@6 s2 67% 1m25s | U750@6 s3 38% 0m41s | U750@6 s4 35% 0m39s
[2026-09-30 22:20:35] [done 13/60] U750 seed 3: 20.50% in 2m19s sprouted=59377 unsilenced=589 eliminated=0 silentNow=56336
[2026-09-30 22:20:38] [done 14/60] U750@6 seed 2: 19.55% in 2m21s sprouted=59163 unsilenced=564 eliminated=0 silentNow=56044
[2026-09-30 22:20:39] [done 15/60] U750 seed 11: 19.00% in 2m23s sprouted=59296 unsilenced=555 eliminated=0 silentNow=55775
[2026-09-30 22:20:40] [done 16/60] U750 seed 13: 21.10% in 2m23s sprouted=58980 unsilenced=544 eliminated=0 silentNow=56285
[2026-09-30 22:20:40] [done 17/60] U750 seed 5: 16.40% in 2m23s sprouted=59294 unsilenced=541 eliminated=0 silentNow=56728
[2026-09-30 22:20:40] [done 18/60] U750 seed 12: 18.60% in 2m23s sprouted=59115 unsilenced=631 eliminated=0 silentNow=55739
[2026-09-30 22:20:40] [done 19/60] U750 seed 4: 18.05% in 2m24s sprouted=60640 unsilenced=619 eliminated=0 silentNow=56475
[2026-09-30 22:20:41] [done 20/60] U750 seed 15: 17.60% in 2m24s sprouted=60004 unsilenced=637 eliminated=0 silentNow=56341
[2026-09-30 22:20:41] [done 21/60] U750@6 seed 1: 17.85% in 2m24s sprouted=60113 unsilenced=598 eliminated=0 silentNow=56159
[2026-09-30 22:20:41] [done 22/60] U750 seed 14: 18.95% in 2m25s sprouted=59511 unsilenced=609 eliminated=0 silentNow=55914
[2026-09-30 22:20:43] [heartbeat] C12 selective downscaling battery: 22/60 done, 12 running, elapsed 4m00s, stage ETA 6m21s -- U750@6 s3 73% 1m41s | U750@6 s4 72% 1m39s | U750@6 s5 13% 0m08s | U750@6 s11 8% 0m04s | U750@6 s12 8% 0m04s | U750@6 s13 7% 0m03s | U750@6 s14 7% 0m03s | U750@6 s15 7% 0m03s | S750 s1 7% 0m03s | S750 s2 3% 0m02s | S750 s3 3% 0m01s | S750 s4 3% 0m01s
[2026-09-30 22:21:21] [done 23/60] U750@6 seed 3: 20.50% in 2m19s sprouted=59378 unsilenced=589 eliminated=0 silentNow=56336
[2026-09-30 22:21:26] [done 24/60] U750@6 seed 4: 18.05% in 2m22s sprouted=60640 unsilenced=619 eliminated=0 silentNow=56475
[2026-09-30 22:21:43] [heartbeat] C12 selective downscaling battery: 24/60 done, 12 running, elapsed 5m00s, stage ETA 6m06s -- U750@6 s5 57% 1m08s | U750@6 s11 53% 1m04s | U750@6 s12 53% 1m04s | U750@6 s13 53% 1m03s | U750@6 s14 53% 1m03s | U750@6 s15 53% 1m03s | S750 s1 50% 1m03s | S750 s2 50% 1m02s | S750 s3 50% 1m01s | S750 s4 50% 1m01s | S750 s5 23% 0m22s | S750 s11 22% 0m17s
[2026-09-30 22:22:43] [heartbeat] C12 selective downscaling battery: 24/60 done, 12 running, elapsed 6m00s, stage ETA 6m06s -- U750@6 s5 93% 2m08s | U750@6 s11 92% 2m04s | U750@6 s12 90% 2m04s | U750@6 s13 92% 2m03s | U750@6 s14 90% 2m03s | U750@6 s15 90% 2m03s | S750 s1 85% 2m03s | S750 s2 83% 2m02s | S750 s3 85% 2m01s | S750 s4 83% 2m01s | S750 s5 62% 1m22s | S750 s11 58% 1m17s
[2026-09-30 22:22:50] [done 25/60] U750@6 seed 5: 16.40% in 2m15s sprouted=59284 unsilenced=541 eliminated=0 silentNow=56715
[2026-09-30 22:22:53] [done 26/60] U750@6 seed 11: 18.95% in 2m15s sprouted=59296 unsilenced=555 eliminated=0 silentNow=55780
[2026-09-30 22:22:53] [done 27/60] U750@6 seed 13: 21.10% in 2m14s sprouted=58982 unsilenced=544 eliminated=0 silentNow=56284
[2026-09-30 22:22:55] [done 28/60] U750@6 seed 14: 18.95% in 2m15s sprouted=59511 unsilenced=609 eliminated=0 silentNow=55914
[2026-09-30 22:22:55] [done 29/60] U750@6 seed 15: 17.65% in 2m15s sprouted=59993 unsilenced=631 eliminated=0 silentNow=56366
[2026-09-30 22:22:55] [done 30/60] U750@6 seed 12: 18.60% in 2m16s sprouted=59126 unsilenced=631 eliminated=0 silentNow=55743
[2026-09-30 22:23:04] [done 31/60] S750 seed 1: 19.90% in 2m24s sprouted=134133 unsilenced=3177 eliminated=0 silentNow=44781
[2026-09-30 22:23:05] [done 32/60] S750 seed 3: 21.10% in 2m23s sprouted=126027 unsilenced=3176 eliminated=0 silentNow=45340
[2026-09-30 22:23:05] [done 33/60] S750 seed 2: 20.10% in 2m24s sprouted=133110 unsilenced=3126 eliminated=0 silentNow=45064
[2026-09-30 22:23:05] [done 34/60] S750 seed 4: 19.30% in 2m24s sprouted=135983 unsilenced=3232 eliminated=0 silentNow=45683
[2026-09-30 22:23:43] [heartbeat] C12 selective downscaling battery: 34/60 done, 12 running, elapsed 7m00s, stage ETA 4m35s -- S750 s5 97% 2m22s | S750 s11 93% 2m17s | S750 s12 45% 0m53s | S750 s13 43% 0m49s | S750 s14 43% 0m49s | S750 s15 43% 0m48s | U1500 s1 43% 0m48s | U1500 s2 45% 0m48s | U1500 s3 38% 0m39s | U1500 s4 38% 0m38s | U1500 s5 38% 0m38s | U1500 s11 38% 0m37s
[2026-09-30 22:23:45] [done 35/60] S750 seed 5: 20.30% in 2m24s sprouted=138276 unsilenced=3306 eliminated=0 silentNow=44981
[2026-09-30 22:23:50] [done 36/60] S750 seed 11: 20.10% in 2m24s sprouted=132754 unsilenced=3111 eliminated=0 silentNow=44557
[2026-09-30 22:24:43] [heartbeat] C12 selective downscaling battery: 36/60 done, 12 running, elapsed 8m00s, stage ETA 4m16s -- S750 s12 80% 1m53s | S750 s13 78% 1m50s | S750 s14 78% 1m49s | S750 s15 78% 1m48s | U1500 s1 80% 1m48s | U1500 s2 80% 1m48s | U1500 s3 78% 1m39s | U1500 s4 77% 1m38s | U1500 s5 75% 1m38s | U1500 s11 75% 1m37s | U1500 s12 48% 0m58s | U1500 s13 48% 0m53s
[2026-09-30 22:25:10] [done 37/60] U1500 seed 2: 20.20% in 2m15s sprouted=60284 unsilenced=976 eliminated=0 silentNow=53514
[2026-09-30 22:25:10] [done 38/60] U1500 seed 1: 16.35% in 2m16s sprouted=60520 unsilenced=963 eliminated=0 silentNow=53823
[2026-09-30 22:25:14] [done 39/60] S750 seed 12: 20.60% in 2m25s sprouted=136805 unsilenced=3284 eliminated=0 silentNow=45669
[2026-09-30 22:25:18] [done 40/60] U1500 seed 3: 19.15% in 2m14s sprouted=59821 unsilenced=976 eliminated=0 silentNow=53218
[2026-09-30 22:25:18] [done 41/60] S750 seed 13: 20.00% in 2m25s sprouted=131107 unsilenced=3112 eliminated=0 silentNow=44607
[2026-09-30 22:25:18] [done 42/60] S750 seed 15: 19.50% in 2m24s sprouted=136134 unsilenced=3234 eliminated=0 silentNow=45392
[2026-09-30 22:25:19] [done 43/60] S750 seed 14: 19.85% in 2m25s sprouted=136755 unsilenced=3356 eliminated=0 silentNow=45553
[2026-09-30 22:25:19] [done 44/60] U1500 seed 4: 20.10% in 2m15s sprouted=61362 unsilenced=1006 eliminated=0 silentNow=53850
[2026-09-30 22:25:21] [done 45/60] U1500 seed 5: 18.35% in 2m15s sprouted=60322 unsilenced=988 eliminated=0 silentNow=53704
[2026-09-30 22:25:22] [done 46/60] U1500 seed 11: 18.60% in 2m16s sprouted=61132 unsilenced=1070 eliminated=0 silentNow=52354
[2026-09-30 22:25:43] [heartbeat] C12 selective downscaling battery: 46/60 done, 12 running, elapsed 9m00s, stage ETA 2m32s -- U1500 s12 88% 1m58s | U1500 s13 85% 1m53s | U1500 s14 35% 0m33s | U1500 s15 33% 0m33s | S1500 s1 30% 0m29s | S1500 s2 28% 0m25s | S1500 s3 28% 0m25s | S1500 s4 28% 0m24s | S1500 s5 28% 0m24s | S1500 s11 28% 0m24s | S1500 s12 28% 0m22s | S1500 s13 27% 0m21s
[2026-09-30 22:26:01] [done 47/60] U1500 seed 12: 19.55% in 2m16s sprouted=61684 unsilenced=1116 eliminated=0 silentNow=51984
[2026-09-30 22:26:04] [done 48/60] U1500 seed 13: 21.25% in 2m14s sprouted=59798 unsilenced=897 eliminated=0 silentNow=53457
[2026-09-30 22:26:43] [heartbeat] C12 selective downscaling battery: 48/60 done, 12 running, elapsed 10m00s, stage ETA 2m10s -- U1500 s14 72% 1m33s | U1500 s15 68% 1m33s | S1500 s1 68% 1m29s | S1500 s2 67% 1m25s | S1500 s3 67% 1m25s | S1500 s4 65% 1m24s | S1500 s5 65% 1m24s | S1500 s11 65% 1m24s | S1500 s12 63% 1m22s | S1500 s13 63% 1m21s | S1500 s14 38% 0m42s | S1500 s15 38% 0m39s
[2026-09-30 22:27:25] [done 49/60] U1500 seed 14: 19.25% in 2m15s sprouted=61014 unsilenced=1023 eliminated=0 silentNow=52750
[2026-09-30 22:27:30] [done 50/60] U1500 seed 15: 18.55% in 2m20s sprouted=60857 unsilenced=952 eliminated=0 silentNow=54356
[2026-09-30 22:27:34] [done 51/60] S1500 seed 1: 21.15% in 2m20s sprouted=83627 unsilenced=1986 eliminated=0 silentNow=46924
[2026-09-30 22:27:37] [done 52/60] S1500 seed 3: 21.55% in 2m19s sprouted=85345 unsilenced=2080 eliminated=0 silentNow=46897
[2026-09-30 22:27:38] [done 53/60] S1500 seed 2: 20.10% in 2m20s sprouted=80355 unsilenced=2061 eliminated=0 silentNow=47666
[2026-09-30 22:27:38] [done 54/60] S1500 seed 4: 20.45% in 2m20s sprouted=79691 unsilenced=1888 eliminated=0 silentNow=48038
[2026-09-30 22:27:39] [done 55/60] S1500 seed 5: 20.95% in 2m20s sprouted=82784 unsilenced=1978 eliminated=0 silentNow=47538
[2026-09-30 22:27:40] [done 56/60] S1500 seed 11: 18.90% in 2m20s sprouted=86677 unsilenced=1989 eliminated=0 silentNow=47723
[2026-09-30 22:27:40] [done 57/60] S1500 seed 12: 21.85% in 2m20s sprouted=85862 unsilenced=2097 eliminated=0 silentNow=47915
[2026-09-30 22:27:41] [done 58/60] S1500 seed 13: 21.30% in 2m19s sprouted=80957 unsilenced=1893 eliminated=0 silentNow=47768
[2026-09-30 22:27:43] [heartbeat] C12 selective downscaling battery: 58/60 done, 2 running, elapsed 11m00s, stage ETA 0m22s -- S1500 s14 78% 1m42s | S1500 s15 77% 1m39s
[2026-09-30 22:28:06] [done 59/60] S1500 seed 14: 20.95% in 2m05s sprouted=82475 unsilenced=1913 eliminated=0 silentNow=47996
[2026-09-30 22:28:08] [done 60/60] S1500 seed 15: 20.25% in 2m04s sprouted=80608 unsilenced=1885 eliminated=0 silentNow=47890
[2026-09-30 22:28:08] === done: results in C:\projects\brain\scripts\investigate-c12-selective-downscaling.results.md ===
[2026-09-30 22:56:25] === investigate-c12-selective-downscaling starting: 12 workers, corpus 15000 characters, seeds 1, 2, 3, 4, 5, 11, 12, 13, 14, 15; events/char 92 (seed 1 at HEAD (VAL4_CONFIG, gated): 64.02 over the first 1,500 characters, 91.01 over the last 1,500 -- 92 still covers a whole interval) ===
[2026-09-30 22:56:25] 60 trials, 60 already measured, 0 to run
