[2026-09-19 21:34:11] === investigate-c1-consolidation starting: 8 workers, corpus 15000 characters, seeds 1, 2, 3, 4, 5, 11, 12, 13, 14, 15 ===
[2026-09-19 21:34:11] winner: C[fixes -2--] ref=1 thr=3 target=permanence homeo=1 lr=0.02 tau=4 dep=2 elig=50 unsil=0.3 gap=4 elim=20000
[2026-09-19 21:34:11] 70 trials, 10 already measured, 60 to run
[2026-09-19 21:35:11] [heartbeat] consolidation battery: 0/60 done, 8 running, elapsed 1m00s, stage ETA unknown until the first trial finishes -- full sleep / 750 chars s1 67% 1m00s | full sleep / 750 chars s2 67% 1m00s | full sleep / 750 chars s3 68% 1m00s | full sleep / 750 chars s4 65% 1m00s | full sleep / 750 chars s5 65% 1m00s | full sleep / 750 chars s11 67% 1m00s | full sleep / 750 chars s12 67% 1m00s | full sleep / 750 chars s13 67% 1m00s
[2026-09-19 21:35:47] [done 1/60] full sleep / 750 chars seed 3: 20.60% in 1m36s sprouted=57621 unsilenced=580 eliminated=0 silentNow=57041
[2026-09-19 21:35:49] [done 2/60] full sleep / 750 chars seed 2: 20.05% in 1m38s sprouted=57546 unsilenced=544 eliminated=0 silentNow=57002
[2026-09-19 21:35:50] [done 3/60] full sleep / 750 chars seed 12: 18.95% in 1m39s sprouted=57474 unsilenced=606 eliminated=0 silentNow=56868
[2026-09-19 21:35:50] [done 4/60] full sleep / 750 chars seed 13: 21.05% in 1m39s sprouted=57536 unsilenced=539 eliminated=0 silentNow=56997
[2026-09-19 21:35:50] [done 5/60] full sleep / 750 chars seed 11: 18.95% in 1m39s sprouted=57383 unsilenced=540 eliminated=0 silentNow=56843
[2026-09-19 21:35:50] [done 6/60] full sleep / 750 chars seed 1: 17.90% in 1m39s sprouted=57683 unsilenced=590 eliminated=0 silentNow=57093
[2026-09-19 21:35:51] [done 7/60] full sleep / 750 chars seed 5: 16.75% in 1m40s sprouted=57789 unsilenced=527 eliminated=0 silentNow=57262
[2026-09-19 21:35:51] [done 8/60] full sleep / 750 chars seed 4: 18.05% in 1m40s sprouted=58133 unsilenced=609 eliminated=0 silentNow=57524
[2026-09-19 21:36:11] [heartbeat] consolidation battery: 8/60 done, 8 running, elapsed 2m00s, stage ETA 10m42s -- full sleep / 750 chars s14 33% 0m24s | full sleep / 750 chars s15 32% 0m22s | no replay (window 100 events) / 750 chars s1 43% 0m21s | no replay (window 100 events) / 750 chars s2 43% 0m21s | no replay (window 100 events) / 750 chars s3 43% 0m21s | no replay (window 100 events) / 750 chars s4 42% 0m21s | no replay (window 100 events) / 750 chars s5 42% 0m20s | no replay (window 100 events) / 750 chars s11 42% 0m20s
[2026-09-19 21:37:00] [done 9/60] no replay (window 100 events) / 750 chars seed 1: 19.20% in 1m10s sprouted=56730 unsilenced=1294 eliminated=0 silentNow=55436
[2026-09-19 21:37:00] [done 10/60] no replay (window 100 events) / 750 chars seed 2: 19.85% in 1m10s sprouted=56541 unsilenced=1258 eliminated=0 silentNow=55283
[2026-09-19 21:37:00] [done 11/60] no replay (window 100 events) / 750 chars seed 3: 20.95% in 1m10s sprouted=56685 unsilenced=1308 eliminated=0 silentNow=55377
[2026-09-19 21:37:01] [done 12/60] no replay (window 100 events) / 750 chars seed 5: 18.95% in 1m10s sprouted=56644 unsilenced=1288 eliminated=0 silentNow=55356
[2026-09-19 21:37:01] [done 13/60] no replay (window 100 events) / 750 chars seed 11: 19.20% in 1m10s sprouted=56142 unsilenced=1322 eliminated=0 silentNow=54820
[2026-09-19 21:37:02] [done 14/60] no replay (window 100 events) / 750 chars seed 4: 20.25% in 1m11s sprouted=56818 unsilenced=1315 eliminated=0 silentNow=55503
[2026-09-19 21:37:11] [heartbeat] consolidation battery: 14/60 done, 8 running, elapsed 3m00s, stage ETA 8m18s -- full sleep / 750 chars s14 85% 1m24s | full sleep / 750 chars s15 83% 1m22s | no replay (window 100 events) / 750 chars s12 30% 0m11s | no replay (window 100 events) / 750 chars s13 30% 0m11s | no replay (window 100 events) / 750 chars s14 28% 0m11s | no replay (window 100 events) / 750 chars s15 28% 0m10s | downscale at the online target (6.0) / 750 chars s1 20% 0m10s | downscale at the online target (6.0) / 750 chars s2 18% 0m09s
[2026-09-19 21:37:27] [done 15/60] full sleep / 750 chars seed 14: 19.15% in 1m40s sprouted=57543 unsilenced=601 eliminated=0 silentNow=56942
[2026-09-19 21:37:28] [done 16/60] full sleep / 750 chars seed 15: 17.60% in 1m39s sprouted=58100 unsilenced=616 eliminated=0 silentNow=57484
[2026-09-19 21:38:09] [done 17/60] no replay (window 100 events) / 750 chars seed 13: 21.10% in 1m09s sprouted=56756 unsilenced=1206 eliminated=0 silentNow=55550
[2026-09-19 21:38:10] [done 18/60] no replay (window 100 events) / 750 chars seed 12: 19.40% in 1m10s sprouted=56802 unsilenced=1415 eliminated=0 silentNow=55387
[2026-09-19 21:38:10] [done 19/60] no replay (window 100 events) / 750 chars seed 15: 17.65% in 1m09s sprouted=57271 unsilenced=1288 eliminated=0 silentNow=55983
[2026-09-19 21:38:10] [done 20/60] no replay (window 100 events) / 750 chars seed 14: 19.00% in 1m10s sprouted=56519 unsilenced=1361 eliminated=0 silentNow=55158
[2026-09-19 21:38:11] [heartbeat] consolidation battery: 20/60 done, 8 running, elapsed 4m00s, stage ETA 7m02s -- downscale at the online target (6.0) / 750 chars s1 73% 1m10s | downscale at the online target (6.0) / 750 chars s2 75% 1m09s | downscale at the online target (6.0) / 750 chars s3 53% 0m44s | downscale at the online target (6.0) / 750 chars s4 52% 0m43s | downscale at the online target (6.0) / 750 chars s5 8% 0m02s | downscale at the online target (6.0) / 750 chars s11 3% 0m01s | downscale at the online target (6.0) / 750 chars s12 3% 0m01s | downscale at the online target (6.0) / 750 chars s13 3% 0m01s
[2026-09-19 21:38:38] [done 21/60] downscale at the online target (6.0) / 750 chars seed 2: 20.05% in 1m36s sprouted=57546 unsilenced=544 eliminated=0 silentNow=57002
[2026-09-19 21:38:39] [done 22/60] downscale at the online target (6.0) / 750 chars seed 1: 17.90% in 1m38s sprouted=57683 unsilenced=590 eliminated=0 silentNow=57093
[2026-09-19 21:39:02] [done 23/60] downscale at the online target (6.0) / 750 chars seed 3: 20.60% in 1m35s sprouted=57621 unsilenced=580 eliminated=0 silentNow=57041
[2026-09-19 21:39:06] [done 24/60] downscale at the online target (6.0) / 750 chars seed 4: 18.05% in 1m37s sprouted=58133 unsilenced=609 eliminated=0 silentNow=57524
[2026-09-19 21:39:11] [heartbeat] consolidation battery: 24/60 done, 8 running, elapsed 5m00s, stage ETA 6m29s -- downscale at the online target (6.0) / 750 chars s5 68% 1m02s | downscale at the online target (6.0) / 750 chars s11 68% 1m01s | downscale at the online target (6.0) / 750 chars s12 68% 1m01s | downscale at the online target (6.0) / 750 chars s13 68% 1m01s | downscale at the online target (6.0) / 750 chars s14 43% 0m33s | downscale at the online target (6.0) / 750 chars s15 42% 0m32s | aggressive prune (floor 0.20) / 750 chars s1 18% 0m09s | aggressive prune (floor 0.20) / 750 chars s2 13% 0m05s
[2026-09-19 21:39:45] [done 25/60] downscale at the online target (6.0) / 750 chars seed 5: 16.75% in 1m36s sprouted=57786 unsilenced=527 eliminated=0 silentNow=57259
[2026-09-19 21:39:46] [done 26/60] downscale at the online target (6.0) / 750 chars seed 13: 21.05% in 1m36s sprouted=57536 unsilenced=539 eliminated=0 silentNow=56997
[2026-09-19 21:39:46] [done 27/60] downscale at the online target (6.0) / 750 chars seed 11: 18.95% in 1m36s sprouted=57383 unsilenced=540 eliminated=0 silentNow=56843
[2026-09-19 21:39:46] [done 28/60] downscale at the online target (6.0) / 750 chars seed 12: 18.95% in 1m36s sprouted=57474 unsilenced=605 eliminated=0 silentNow=56869
[2026-09-19 21:40:11] [heartbeat] consolidation battery: 28/60 done, 8 running, elapsed 6m00s, stage ETA 5m52s -- downscale at the online target (6.0) / 750 chars s14 95% 1m33s | downscale at the online target (6.0) / 750 chars s15 93% 1m32s | aggressive prune (floor 0.20) / 750 chars s1 75% 1m09s | aggressive prune (floor 0.20) / 750 chars s2 73% 1m05s | aggressive prune (floor 0.20) / 750 chars s3 37% 0m26s | aggressive prune (floor 0.20) / 750 chars s4 35% 0m25s | aggressive prune (floor 0.20) / 750 chars s5 33% 0m25s | aggressive prune (floor 0.20) / 750 chars s11 35% 0m25s
[2026-09-19 21:40:15] [done 29/60] downscale at the online target (6.0) / 750 chars seed 14: 19.15% in 1m36s sprouted=57543 unsilenced=601 eliminated=0 silentNow=56942
[2026-09-19 21:40:16] [done 30/60] downscale at the online target (6.0) / 750 chars seed 15: 17.60% in 1m36s sprouted=58102 unsilenced=614 eliminated=0 silentNow=57488
[2026-09-19 21:40:39] [done 31/60] aggressive prune (floor 0.20) / 750 chars seed 1: 17.90% in 1m37s sprouted=57683 unsilenced=590 eliminated=0 silentNow=57093
[2026-09-19 21:40:41] [done 32/60] aggressive prune (floor 0.20) / 750 chars seed 2: 20.05% in 1m36s sprouted=57546 unsilenced=544 eliminated=0 silentNow=57002
[2026-09-19 21:41:11] [heartbeat] consolidation battery: 32/60 done, 8 running, elapsed 7m00s, stage ETA 5m11s -- aggressive prune (floor 0.20) / 750 chars s3 90% 1m26s | aggressive prune (floor 0.20) / 750 chars s4 88% 1m25s | aggressive prune (floor 0.20) / 750 chars s5 88% 1m25s | aggressive prune (floor 0.20) / 750 chars s11 88% 1m25s | aggressive prune (floor 0.20) / 750 chars s12 65% 0m56s | aggressive prune (floor 0.20) / 750 chars s13 63% 0m55s | aggressive prune (floor 0.20) / 750 chars s14 43% 0m32s | aggressive prune (floor 0.20) / 750 chars s15 40% 0m30s
[2026-09-19 21:41:20] [done 33/60] aggressive prune (floor 0.20) / 750 chars seed 3: 20.60% in 1m34s sprouted=57621 unsilenced=580 eliminated=0 silentNow=57041
[2026-09-19 21:41:23] [done 34/60] aggressive prune (floor 0.20) / 750 chars seed 11: 18.95% in 1m37s sprouted=57383 unsilenced=540 eliminated=0 silentNow=56843
[2026-09-19 21:41:23] [done 35/60] aggressive prune (floor 0.20) / 750 chars seed 5: 16.75% in 1m37s sprouted=57789 unsilenced=527 eliminated=0 silentNow=57262
[2026-09-19 21:41:24] [done 36/60] aggressive prune (floor 0.20) / 750 chars seed 4: 18.05% in 1m38s sprouted=58133 unsilenced=609 eliminated=0 silentNow=57524
[2026-09-19 21:41:50] [done 37/60] aggressive prune (floor 0.20) / 750 chars seed 12: 18.95% in 1m36s sprouted=57474 unsilenced=606 eliminated=0 silentNow=56868
[2026-09-19 21:41:52] [done 38/60] aggressive prune (floor 0.20) / 750 chars seed 13: 21.05% in 1m36s sprouted=57536 unsilenced=539 eliminated=0 silentNow=56997
[2026-09-19 21:42:11] [heartbeat] consolidation battery: 38/60 done, 8 running, elapsed 8m00s, stage ETA 4m08s -- aggressive prune (floor 0.20) / 750 chars s14 93% 1m32s | aggressive prune (floor 0.20) / 750 chars s15 93% 1m30s | full sleep / 1500 chars s1 58% 0m51s | full sleep / 1500 chars s2 58% 0m48s | full sleep / 1500 chars s3 58% 0m48s | full sleep / 1500 chars s4 57% 0m47s | full sleep / 1500 chars s5 32% 0m21s | full sleep / 1500 chars s11 30% 0m19s
[2026-09-19 21:42:16] [done 39/60] aggressive prune (floor 0.20) / 750 chars seed 14: 19.15% in 1m37s sprouted=57543 unsilenced=601 eliminated=0 silentNow=56942
[2026-09-19 21:42:17] [done 40/60] aggressive prune (floor 0.20) / 750 chars seed 15: 17.60% in 1m36s sprouted=58100 unsilenced=616 eliminated=0 silentNow=57484
[2026-09-19 21:42:57] [done 41/60] full sleep / 1500 chars seed 1: 17.30% in 1m37s sprouted=56812 unsilenced=931 eliminated=0 silentNow=55881
[2026-09-19 21:42:59] [done 42/60] full sleep / 1500 chars seed 3: 19.00% in 1m36s sprouted=56660 unsilenced=932 eliminated=0 silentNow=55728
[2026-09-19 21:42:59] [done 43/60] full sleep / 1500 chars seed 2: 20.35% in 1m36s sprouted=56662 unsilenced=944 eliminated=0 silentNow=55707
[2026-09-19 21:43:01] [done 44/60] full sleep / 1500 chars seed 4: 20.10% in 1m37s sprouted=56882 unsilenced=940 eliminated=0 silentNow=55942
[2026-09-19 21:43:11] [heartbeat] consolidation battery: 44/60 done, 8 running, elapsed 9m00s, stage ETA 3m02s -- full sleep / 1500 chars s5 85% 1m21s | full sleep / 1500 chars s11 83% 1m19s | full sleep / 1500 chars s12 63% 0m55s | full sleep / 1500 chars s13 62% 0m54s | full sleep / 1500 chars s14 27% 0m14s | full sleep / 1500 chars s15 23% 0m12s | full sleep / 250 chars s1 22% 0m12s | full sleep / 250 chars s2 20% 0m10s
[2026-09-19 21:43:26] [done 45/60] full sleep / 1500 chars seed 5: 18.00% in 1m36s sprouted=56774 unsilenced=900 eliminated=0 silentNow=55874
[2026-09-19 21:43:28] [done 46/60] full sleep / 1500 chars seed 11: 18.60% in 1m36s sprouted=56416 unsilenced=1004 eliminated=0 silentNow=55412
[2026-09-19 21:43:52] [done 47/60] full sleep / 1500 chars seed 12: 20.25% in 1m36s sprouted=56544 unsilenced=1011 eliminated=0 silentNow=55533
[2026-09-19 21:43:53] [done 48/60] full sleep / 1500 chars seed 13: 21.25% in 1m36s sprouted=56687 unsilenced=874 eliminated=0 silentNow=55813
[2026-09-19 21:44:11] [heartbeat] consolidation battery: 48/60 done, 8 running, elapsed 10m00s, stage ETA 2m17s -- full sleep / 1500 chars s14 78% 1m14s | full sleep / 1500 chars s15 78% 1m12s | full sleep / 250 chars s1 80% 1m12s | full sleep / 250 chars s2 78% 1m10s | full sleep / 250 chars s3 55% 0m45s | full sleep / 250 chars s4 53% 0m43s | full sleep / 250 chars s5 28% 0m19s | full sleep / 250 chars s11 28% 0m18s
[2026-09-19 21:44:33] [done 49/60] full sleep / 250 chars seed 1: 13.75% in 1m34s sprouted=59030 unsilenced=136 eliminated=0 silentNow=58894
[2026-09-19 21:44:33] [done 50/60] full sleep / 1500 chars seed 14: 19.40% in 1m37s sprouted=56576 unsilenced=990 eliminated=0 silentNow=55586
[2026-09-19 21:44:33] [done 51/60] full sleep / 250 chars seed 2: 15.55% in 1m33s sprouted=58799 unsilenced=105 eliminated=0 silentNow=58694
[2026-09-19 21:44:36] [done 52/60] full sleep / 1500 chars seed 15: 19.20% in 1m37s sprouted=57234 unsilenced=905 eliminated=0 silentNow=56328
[2026-09-19 21:44:59] [done 53/60] full sleep / 250 chars seed 3: 13.90% in 1m33s sprouted=58954 unsilenced=99 eliminated=0 silentNow=58855
[2026-09-19 21:45:02] [done 54/60] full sleep / 250 chars seed 4: 14.20% in 1m34s sprouted=59222 unsilenced=125 eliminated=0 silentNow=59097
[2026-09-19 21:45:11] [heartbeat] consolidation battery: 54/60 done, 6 running, elapsed 11m00s, stage ETA 1m09s -- full sleep / 250 chars s5 87% 1m19s | full sleep / 250 chars s11 85% 1m18s | full sleep / 250 chars s12 50% 0m38s | full sleep / 250 chars s13 48% 0m38s | full sleep / 250 chars s14 48% 0m38s | full sleep / 250 chars s15 47% 0m35s
[2026-09-19 21:45:24] [done 55/60] full sleep / 250 chars seed 5: 9.65% in 1m32s sprouted=58824 unsilenced=133 eliminated=0 silentNow=58691
[2026-09-19 21:45:25] [done 56/60] full sleep / 250 chars seed 11: 10.95% in 1m32s sprouted=58648 unsilenced=129 eliminated=0 silentNow=58519
[2026-09-19 21:45:55] [done 57/60] full sleep / 250 chars seed 12: 13.35% in 1m22s sprouted=58710 unsilenced=127 eliminated=0 silentNow=58583
[2026-09-19 21:45:58] [done 58/60] full sleep / 250 chars seed 14: 13.15% in 1m24s sprouted=58892 unsilenced=125 eliminated=0 silentNow=58767
[2026-09-19 21:45:58] [done 59/60] full sleep / 250 chars seed 13: 16.50% in 1m25s sprouted=58824 unsilenced=102 eliminated=0 silentNow=58722
[2026-09-19 21:46:00] [done 60/60] full sleep / 250 chars seed 15: 13.60% in 1m24s sprouted=59501 unsilenced=115 eliminated=0 silentNow=59386
[2026-09-19 21:46:00] === done: results in C:\projects\brain\scripts\investigate-c1-consolidation.results.md ===
[2026-09-19 21:48:26] === investigate-c1-consolidation starting: 8 workers, corpus 15000 characters, seeds 1, 2, 3, 4, 5, 11, 12, 13, 14, 15 ===
[2026-09-19 21:48:26] winner: C[fixes -2--] ref=1 thr=3 target=permanence homeo=1 lr=0.02 tau=4 dep=2 elig=50 unsil=0.3 gap=4 elim=20000
[2026-09-19 21:48:26] 120 trials, 72 already measured, 48 to run
[2026-09-19 21:49:26] [heartbeat] consolidation battery: 0/48 done, 8 running, elapsed 1m00s, stage ETA unknown until the first trial finishes -- partial replay (250 chars of history) / 750 chars s1 77% 1m00s | partial replay (250 chars of history) / 750 chars s2 78% 1m00s | partial replay (250 chars of history) / 750 chars s3 78% 1m00s | partial replay (250 chars of history) / 750 chars s4 77% 1m00s | partial replay (250 chars of history) / 750 chars s5 78% 1m00s | partial replay (250 chars of history) / 750 chars s11 78% 1m00s | partial replay (250 chars of history) / 750 chars s12 78% 1m00s | partial replay (250 chars of history) / 750 chars s13 78% 1m00s
[2026-09-19 21:49:47] [done 1/48] partial replay (250 chars of history) / 750 chars seed 3: 20.65% in 1m21s sprouted=57709 unsilenced=1157 eliminated=0 silentNow=56552
[2026-09-19 21:49:47] [done 2/48] partial replay (250 chars of history) / 750 chars seed 2: 19.60% in 1m21s sprouted=57573 unsilenced=1103 eliminated=0 silentNow=56470
[2026-09-19 21:49:48] [done 3/48] partial replay (250 chars of history) / 750 chars seed 13: 20.20% in 1m22s sprouted=57667 unsilenced=1099 eliminated=0 silentNow=56568
[2026-09-19 21:49:48] [done 4/48] partial replay (250 chars of history) / 750 chars seed 12: 19.50% in 1m22s sprouted=57574 unsilenced=1228 eliminated=0 silentNow=56346
[2026-09-19 21:49:48] [done 5/48] partial replay (250 chars of history) / 750 chars seed 5: 17.75% in 1m22s sprouted=57880 unsilenced=1140 eliminated=0 silentNow=56740
[2026-09-19 21:49:49] [done 6/48] partial replay (250 chars of history) / 750 chars seed 4: 20.70% in 1m22s sprouted=58324 unsilenced=1162 eliminated=0 silentNow=57162
[2026-09-19 21:49:49] [done 7/48] partial replay (250 chars of history) / 750 chars seed 11: 19.15% in 1m23s sprouted=57479 unsilenced=1251 eliminated=0 silentNow=56228
[2026-09-19 21:49:50] [done 8/48] partial replay (250 chars of history) / 750 chars seed 1: 19.40% in 1m23s sprouted=57819 unsilenced=1102 eliminated=0 silentNow=56717
[2026-09-19 21:50:26] [heartbeat] consolidation battery: 8/48 done, 8 running, elapsed 2m00s, stage ETA 6m49s -- partial replay (250 chars of history) / 750 chars s14 58% 0m39s | partial replay (250 chars of history) / 750 chars s15 58% 0m39s | downscale to 1.0 (six times stricter) / 750 chars s1 48% 0m38s | downscale to 1.0 (six times stricter) / 750 chars s2 48% 0m38s | downscale to 1.0 (six times stricter) / 750 chars s3 48% 0m38s | downscale to 1.0 (six times stricter) / 750 chars s4 47% 0m38s | downscale to 1.0 (six times stricter) / 750 chars s5 47% 0m37s | downscale to 1.0 (six times stricter) / 750 chars s11 47% 0m37s
[2026-09-19 21:51:06] [done 9/48] partial replay (250 chars of history) / 750 chars seed 14: 19.65% in 1m19s sprouted=57682 unsilenced=1213 eliminated=0 silentNow=56469
[2026-09-19 21:51:06] [done 10/48] partial replay (250 chars of history) / 750 chars seed 15: 18.65% in 1m19s sprouted=58332 unsilenced=1168 eliminated=0 silentNow=57162
[2026-09-19 21:51:23] [done 11/48] downscale to 1.0 (six times stricter) / 750 chars seed 3: 20.65% in 1m35s sprouted=57621 unsilenced=581 eliminated=0 silentNow=57040
[2026-09-19 21:51:24] [done 12/48] downscale to 1.0 (six times stricter) / 750 chars seed 2: 20.40% in 1m35s sprouted=57548 unsilenced=550 eliminated=0 silentNow=56998
[2026-09-19 21:51:25] [done 13/48] downscale to 1.0 (six times stricter) / 750 chars seed 1: 17.90% in 1m37s sprouted=57683 unsilenced=592 eliminated=0 silentNow=57091
[2026-09-19 21:51:26] [done 14/48] downscale to 1.0 (six times stricter) / 750 chars seed 5: 16.75% in 1m37s sprouted=57789 unsilenced=526 eliminated=0 silentNow=57263
[2026-09-19 21:51:26] [done 15/48] downscale to 1.0 (six times stricter) / 750 chars seed 11: 18.95% in 1m36s sprouted=57382 unsilenced=540 eliminated=0 silentNow=56842
[2026-09-19 21:51:26] [heartbeat] consolidation battery: 15/48 done, 8 running, elapsed 3m00s, stage ETA 5m56s -- downscale to 1.0 (six times stricter) / 750 chars s4 98% 1m38s | downscale to 1.0 (six times stricter) / 750 chars s12 32% 0m20s | downscale to 1.0 (six times stricter) / 750 chars s13 32% 0m20s | downscale to 1.0 (six times stricter) / 750 chars s14 8% 0m03s | downscale to 1.0 (six times stricter) / 750 chars s15 8% 0m03s | prune floor 0.34 (below every sprout's own permanence) / 750 chars s1 5% 0m02s | prune floor 0.34 (below every sprout's own permanence) / 750 chars s2 3% 0m01s | prune floor 0.34 (below every sprout's own permanence) / 750 chars s3 2% 0m00s
[2026-09-19 21:51:26] [done 16/48] downscale to 1.0 (six times stricter) / 750 chars seed 4: 18.00% in 1m38s sprouted=58133 unsilenced=609 eliminated=0 silentNow=57524
[2026-09-19 21:52:26] [heartbeat] consolidation battery: 16/48 done, 8 running, elapsed 4m00s, stage ETA 5m48s -- downscale to 1.0 (six times stricter) / 750 chars s12 85% 1m20s | downscale to 1.0 (six times stricter) / 750 chars s13 83% 1m20s | downscale to 1.0 (six times stricter) / 750 chars s14 68% 1m03s | downscale to 1.0 (six times stricter) / 750 chars s15 68% 1m03s | prune floor 0.34 (below every sprout's own permanence) / 750 chars s1 68% 1m02s | prune floor 0.34 (below every sprout's own permanence) / 750 chars s2 68% 1m01s | prune floor 0.34 (below every sprout's own permanence) / 750 chars s3 68% 1m00s | prune floor 0.34 (below every sprout's own permanence) / 750 chars s4 67% 1m00s
[2026-09-19 21:52:42] [done 17/48] downscale to 1.0 (six times stricter) / 750 chars seed 12: 18.95% in 1m36s sprouted=57474 unsilenced=607 eliminated=0 silentNow=56867
[2026-09-19 21:52:42] [done 18/48] downscale to 1.0 (six times stricter) / 750 chars seed 13: 21.05% in 1m36s sprouted=57536 unsilenced=539 eliminated=0 silentNow=56997
[2026-09-19 21:53:01] [done 19/48] downscale to 1.0 (six times stricter) / 750 chars seed 15: 17.60% in 1m37s sprouted=58101 unsilenced=616 eliminated=0 silentNow=57485
[2026-09-19 21:53:01] [done 20/48] prune floor 0.34 (below every sprout's own permanence) / 750 chars seed 3: 20.60% in 1m35s sprouted=57621 unsilenced=580 eliminated=0 silentNow=57041
[2026-09-19 21:53:01] [done 21/48] prune floor 0.34 (below every sprout's own permanence) / 750 chars seed 2: 20.05% in 1m36s sprouted=57546 unsilenced=544 eliminated=0 silentNow=57002
[2026-09-19 21:53:01] [done 22/48] downscale to 1.0 (six times stricter) / 750 chars seed 14: 19.15% in 1m38s sprouted=57543 unsilenced=600 eliminated=0 silentNow=56943
[2026-09-19 21:53:02] [done 23/48] prune floor 0.34 (below every sprout's own permanence) / 750 chars seed 1: 17.90% in 1m38s sprouted=57727 unsilenced=593 eliminated=0 silentNow=57056
[2026-09-19 21:53:04] [done 24/48] prune floor 0.34 (below every sprout's own permanence) / 750 chars seed 4: 18.05% in 1m38s sprouted=58133 unsilenced=609 eliminated=0 silentNow=57524
[2026-09-19 21:53:26] [heartbeat] consolidation battery: 24/48 done, 8 running, elapsed 5m00s, stage ETA 4m31s -- prune floor 0.34 (below every sprout's own permanence) / 750 chars s5 53% 0m44s | prune floor 0.34 (below every sprout's own permanence) / 750 chars s11 53% 0m44s | prune floor 0.34 (below every sprout's own permanence) / 750 chars s12 37% 0m26s | prune floor 0.34 (below every sprout's own permanence) / 750 chars s13 35% 0m25s | prune floor 0.34 (below every sprout's own permanence) / 750 chars s14 35% 0m25s | prune floor 0.34 (below every sprout's own permanence) / 750 chars s15 35% 0m25s | no sleep, online homeostatic scaling off s3 33% 0m24s | no sleep, online homeostatic scaling off s4 32% 0m22s
[2026-09-19 21:54:18] [done 25/48] prune floor 0.34 (below every sprout's own permanence) / 750 chars seed 5: 16.75% in 1m36s sprouted=57789 unsilenced=527 eliminated=0 silentNow=57262
[2026-09-19 21:54:19] [done 26/48] prune floor 0.34 (below every sprout's own permanence) / 750 chars seed 11: 18.95% in 1m37s sprouted=57383 unsilenced=540 eliminated=0 silentNow=56843
[2026-09-19 21:54:26] [heartbeat] consolidation battery: 26/48 done, 8 running, elapsed 6m00s, stage ETA 4m09s -- prune floor 0.34 (below every sprout's own permanence) / 750 chars s12 88% 1m26s | prune floor 0.34 (below every sprout's own permanence) / 750 chars s13 88% 1m25s | prune floor 0.34 (below every sprout's own permanence) / 750 chars s14 88% 1m25s | prune floor 0.34 (below every sprout's own permanence) / 750 chars s15 88% 1m25s | no sleep, online homeostatic scaling off s3 83% 1m24s | no sleep, online homeostatic scaling off s4 83% 1m22s | no sleep, online homeostatic scaling off s5 17% 0m08s | no sleep, online homeostatic scaling off s11 17% 0m07s
[2026-09-19 21:54:37] [done 27/48] prune floor 0.34 (below every sprout's own permanence) / 750 chars seed 13: 21.05% in 1m36s sprouted=57536 unsilenced=539 eliminated=0 silentNow=56997
[2026-09-19 21:54:38] [done 28/48] prune floor 0.34 (below every sprout's own permanence) / 750 chars seed 12: 18.95% in 1m37s sprouted=57474 unsilenced=606 eliminated=0 silentNow=56868
[2026-09-19 21:54:38] [done 29/48] prune floor 0.34 (below every sprout's own permanence) / 750 chars seed 14: 19.15% in 1m37s sprouted=57543 unsilenced=601 eliminated=0 silentNow=56942
[2026-09-19 21:54:38] [done 30/48] prune floor 0.34 (below every sprout's own permanence) / 750 chars seed 15: 17.60% in 1m37s sprouted=58103 unsilenced=617 eliminated=0 silentNow=57485
[2026-09-19 21:54:52] [done 31/48] no sleep, online homeostatic scaling off seed 4: 17.35% in 1m47s sprouted=448955 unsilenced=137906 eliminated=0 silentNow=7481
[2026-09-19 21:54:52] [done 32/48] no sleep, online homeostatic scaling off seed 3: 17.35% in 1m49s sprouted=469093 unsilenced=155656 eliminated=0 silentNow=6168
[2026-09-19 21:55:26] [heartbeat] consolidation battery: 32/48 done, 8 running, elapsed 7m00s, stage ETA 3m05s -- no sleep, online homeostatic scaling off s5 72% 1m08s | no sleep, online homeostatic scaling off s11 70% 1m07s | no sleep, online homeostatic scaling off s12 57% 0m49s | no sleep, online homeostatic scaling off s13 57% 0m48s | no sleep, online homeostatic scaling off s14 55% 0m48s | no sleep, online homeostatic scaling off s15 55% 0m48s | full sleep / 750 chars, online homeostatic scaling off s1 48% 0m35s | full sleep / 750 chars, online homeostatic scaling off s2 48% 0m35s
[2026-09-19 21:56:07] [done 33/48] no sleep, online homeostatic scaling off seed 5: 16.90% in 1m49s sprouted=484950 unsilenced=156395 eliminated=0 silentNow=5756
[2026-09-19 21:56:09] [done 34/48] no sleep, online homeostatic scaling off seed 11: 16.60% in 1m50s sprouted=476572 unsilenced=144701 eliminated=0 silentNow=6798
[2026-09-19 21:56:13] [done 35/48] full sleep / 750 chars, online homeostatic scaling off seed 1: 9.10% in 1m21s sprouted=57145 unsilenced=86 eliminated=0 silentNow=57059
[2026-09-19 21:56:13] [done 36/48] full sleep / 750 chars, online homeostatic scaling off seed 2: 7.10% in 1m21s sprouted=57118 unsilenced=74 eliminated=0 silentNow=57044
[2026-09-19 21:56:22] [done 37/48] no sleep, online homeostatic scaling off seed 13: 16.95% in 1m44s sprouted=445481 unsilenced=131360 eliminated=0 silentNow=6419
[2026-09-19 21:56:26] [heartbeat] consolidation battery: 37/48 done, 8 running, elapsed 8m00s, stage ETA 2m08s -- no sleep, online homeostatic scaling off s12 98% 1m49s | no sleep, online homeostatic scaling off s14 98% 1m48s | no sleep, online homeostatic scaling off s15 98% 1m48s | full sleep / 750 chars, online homeostatic scaling off s3 33% 0m19s | full sleep / 750 chars, online homeostatic scaling off s4 30% 0m17s | full sleep / 750 chars, online homeostatic scaling off s5 25% 0m14s | full sleep / 750 chars, online homeostatic scaling off s11 25% 0m13s | full sleep / 750 chars, online homeostatic scaling off s12 13% 0m05s
[2026-09-19 21:56:27] [done 38/48] no sleep, online homeostatic scaling off seed 12: 17.05% in 1m49s sprouted=495034 unsilenced=167537 eliminated=0 silentNow=5568
[2026-09-19 21:56:29] [done 39/48] no sleep, online homeostatic scaling off seed 15: 16.80% in 1m51s sprouted=492870 unsilenced=165135 eliminated=0 silentNow=6442
[2026-09-19 21:56:29] [done 40/48] no sleep, online homeostatic scaling off seed 14: 16.85% in 1m51s sprouted=495137 unsilenced=160447 eliminated=0 silentNow=6673
[2026-09-19 21:57:26] [heartbeat] consolidation battery: 40/48 done, 8 running, elapsed 9m00s, stage ETA 1m34s -- full sleep / 750 chars, online homeostatic scaling off s3 95% 1m19s | full sleep / 750 chars, online homeostatic scaling off s4 93% 1m17s | full sleep / 750 chars, online homeostatic scaling off s5 90% 1m14s | full sleep / 750 chars, online homeostatic scaling off s11 90% 1m13s | full sleep / 750 chars, online homeostatic scaling off s12 80% 1m05s | full sleep / 750 chars, online homeostatic scaling off s13 75% 1m00s | full sleep / 750 chars, online homeostatic scaling off s14 73% 0m57s | full sleep / 750 chars, online homeostatic scaling off s15 73% 0m57s
[2026-09-19 21:57:29] [done 41/48] full sleep / 750 chars, online homeostatic scaling off seed 3: 7.75% in 1m22s sprouted=57156 unsilenced=109 eliminated=0 silentNow=57047
[2026-09-19 21:57:30] [done 42/48] full sleep / 750 chars, online homeostatic scaling off seed 4: 11.90% in 1m21s sprouted=57181 unsilenced=73 eliminated=0 silentNow=57108
[2026-09-19 21:57:34] [done 43/48] full sleep / 750 chars, online homeostatic scaling off seed 11: 8.40% in 1m20s sprouted=57021 unsilenced=89 eliminated=0 silentNow=56932
[2026-09-19 21:57:34] [done 44/48] full sleep / 750 chars, online homeostatic scaling off seed 5: 8.50% in 1m21s sprouted=56972 unsilenced=73 eliminated=0 silentNow=56899
[2026-09-19 21:57:42] [done 45/48] full sleep / 750 chars, online homeostatic scaling off seed 12: 9.25% in 1m20s sprouted=57163 unsilenced=91 eliminated=0 silentNow=57072
[2026-09-19 21:57:46] [done 46/48] full sleep / 750 chars, online homeostatic scaling off seed 13: 10.60% in 1m19s sprouted=57049 unsilenced=87 eliminated=0 silentNow=56962
[2026-09-19 21:57:46] [done 47/48] full sleep / 750 chars, online homeostatic scaling off seed 15: 7.90% in 1m17s sprouted=57023 unsilenced=87 eliminated=0 silentNow=56936
[2026-09-19 21:57:47] [done 48/48] full sleep / 750 chars, online homeostatic scaling off seed 14: 10.85% in 1m18s sprouted=57020 unsilenced=82 eliminated=0 silentNow=56938
[2026-09-19 21:57:47] === done: results in C:\projects\brain\scripts\investigate-c1-consolidation.results.md ===
