[2026-09-20 15:53:30] === investigate-c3-reward-prediction-error starting: 10 workers, corpus 15000 characters, seeds 1, 2, 3, 4, 5, 11, 12, 13, 14, 15 ===
[2026-09-20 15:53:30] winner: C[fixes -2--] ref=1 thr=3 target=permanence homeo=1 lr=0.02 tau=4 dep=2 elig=50 unsil=0.3 gap=4 elim=20000
[2026-09-20 15:53:30] 60 trials, 10 already measured, 50 to run
[2026-09-20 15:54:30] [heartbeat] C3 reward-prediction-error battery: 0/50 done, 10 running, elapsed 1m00s, stage ETA unknown until the first trial finishes -- raw reward: rewardSignal on, no baseline (dopamine as C3 found it) s1 78% 1m00s | raw reward: rewardSignal on, no baseline (dopamine as C3 found it) s2 80% 1m00s | raw reward: rewardSignal on, no baseline (dopamine as C3 found it) s3 80% 1m00s | raw reward: rewardSignal on, no baseline (dopamine as C3 found it) s4 78% 1m00s | raw reward: rewardSignal on, no baseline (dopamine as C3 found it) s5 80% 1m00s | raw reward: rewardSignal on, no baseline (dopamine as C3 found it) s11 80% 1m00s | raw reward: rewardSignal on, no baseline (dopamine as C3 found it) s12 80% 1m00s | raw reward: rewardSignal on, no baseline (dopamine as C3 found it) s13 80% 1m00s | raw reward: rewardSignal on, no baseline (dopamine as C3 found it) s14 78% 1m00s | raw reward: rewardSignal on, no baseline (dopamine as C3 found it) s15 78% 1m00s
[2026-09-20 15:54:49] [done 1/50] raw reward: rewardSignal on, no baseline (dopamine as C3 found it) seed 2: 21.30% in 1m20s sprouted=68127 unsilenced=2817 eliminated=0 silentNow=51108
[2026-09-20 15:54:49] [done 2/50] raw reward: rewardSignal on, no baseline (dopamine as C3 found it) seed 11: 17.90% in 1m20s sprouted=70500 unsilenced=1779 eliminated=0 silentNow=48867
[2026-09-20 15:54:50] [done 3/50] raw reward: rewardSignal on, no baseline (dopamine as C3 found it) seed 5: 18.50% in 1m20s sprouted=69359 unsilenced=3212 eliminated=0 silentNow=47843
[2026-09-20 15:54:50] [done 4/50] raw reward: rewardSignal on, no baseline (dopamine as C3 found it) seed 12: 19.75% in 1m20s sprouted=68905 unsilenced=2266 eliminated=0 silentNow=48278
[2026-09-20 15:54:50] [done 5/50] raw reward: rewardSignal on, no baseline (dopamine as C3 found it) seed 13: 19.40% in 1m20s sprouted=85242 unsilenced=8939 eliminated=0 silentNow=45638
[2026-09-20 15:54:50] [done 6/50] raw reward: rewardSignal on, no baseline (dopamine as C3 found it) seed 3: 21.20% in 1m20s sprouted=79290 unsilenced=6021 eliminated=0 silentNow=47633
[2026-09-20 15:54:50] [done 7/50] raw reward: rewardSignal on, no baseline (dopamine as C3 found it) seed 4: 18.90% in 1m21s sprouted=77126 unsilenced=4961 eliminated=0 silentNow=47363
[2026-09-20 15:54:50] [done 8/50] raw reward: rewardSignal on, no baseline (dopamine as C3 found it) seed 14: 18.45% in 1m21s sprouted=75152 unsilenced=2696 eliminated=0 silentNow=46634
[2026-09-20 15:54:50] [done 9/50] raw reward: rewardSignal on, no baseline (dopamine as C3 found it) seed 15: 17.15% in 1m21s sprouted=88587 unsilenced=8764 eliminated=0 silentNow=43377
[2026-09-20 15:54:51] [done 10/50] raw reward: rewardSignal on, no baseline (dopamine as C3 found it) seed 1: 19.20% in 1m21s sprouted=75051 unsilenced=4807 eliminated=0 silentNow=48415
[2026-09-20 15:55:30] [heartbeat] C3 reward-prediction-error battery: 10/50 done, 10 running, elapsed 2m00s, stage ETA 5m22s -- RPE, tauEvents 50 (~last few dozen characters) s1 58% 0m40s | RPE, tauEvents 50 (~last few dozen characters) s2 58% 0m40s | RPE, tauEvents 50 (~last few dozen characters) s3 60% 0m40s | RPE, tauEvents 50 (~last few dozen characters) s4 58% 0m40s | RPE, tauEvents 50 (~last few dozen characters) s5 58% 0m40s | RPE, tauEvents 50 (~last few dozen characters) s11 58% 0m40s | RPE, tauEvents 50 (~last few dozen characters) s12 58% 0m39s | RPE, tauEvents 50 (~last few dozen characters) s13 58% 0m39s | RPE, tauEvents 50 (~last few dozen characters) s14 57% 0m39s | RPE, tauEvents 50 (~last few dozen characters) s15 57% 0m39s
[2026-09-20 15:56:10] [done 11/50] RPE, tauEvents 50 (~last few dozen characters) seed 3: 21.10% in 1m20s sprouted=56370 unsilenced=1205 eliminated=0 silentNow=55165
[2026-09-20 15:56:10] [done 12/50] RPE, tauEvents 50 (~last few dozen characters) seed 5: 19.20% in 1m20s sprouted=56414 unsilenced=1173 eliminated=0 silentNow=55241
[2026-09-20 15:56:10] [done 13/50] RPE, tauEvents 50 (~last few dozen characters) seed 1: 19.85% in 1m21s sprouted=56550 unsilenced=1170 eliminated=0 silentNow=55380
[2026-09-20 15:56:11] [done 14/50] RPE, tauEvents 50 (~last few dozen characters) seed 4: 21.15% in 1m21s sprouted=56720 unsilenced=1228 eliminated=0 silentNow=55492
[2026-09-20 15:56:11] [done 15/50] RPE, tauEvents 50 (~last few dozen characters) seed 13: 21.45% in 1m21s sprouted=56552 unsilenced=1137 eliminated=0 silentNow=55415
[2026-09-20 15:56:11] [done 16/50] RPE, tauEvents 50 (~last few dozen characters) seed 11: 18.90% in 1m21s sprouted=56331 unsilenced=1258 eliminated=0 silentNow=55073
[2026-09-20 15:56:12] [done 17/50] RPE, tauEvents 50 (~last few dozen characters) seed 12: 18.00% in 1m22s sprouted=56551 unsilenced=1339 eliminated=0 silentNow=55212
[2026-09-20 15:56:12] [done 18/50] RPE, tauEvents 50 (~last few dozen characters) seed 15: 17.35% in 1m21s sprouted=57146 unsilenced=1190 eliminated=0 silentNow=55956
[2026-09-20 15:56:12] [done 19/50] RPE, tauEvents 50 (~last few dozen characters) seed 2: 20.50% in 1m23s sprouted=56367 unsilenced=1155 eliminated=0 silentNow=55212
[2026-09-20 15:56:12] [done 20/50] RPE, tauEvents 50 (~last few dozen characters) seed 14: 19.30% in 1m22s sprouted=56328 unsilenced=1284 eliminated=0 silentNow=55044
[2026-09-20 15:56:30] [heartbeat] C3 reward-prediction-error battery: 20/50 done, 10 running, elapsed 3m00s, stage ETA 4m03s -- RPE, tauEvents 200 (~recent performance) s1 37% 0m20s | RPE, tauEvents 200 (~recent performance) s2 38% 0m20s | RPE, tauEvents 200 (~recent performance) s3 37% 0m19s | RPE, tauEvents 200 (~recent performance) s4 37% 0m19s | RPE, tauEvents 200 (~recent performance) s5 37% 0m19s | RPE, tauEvents 200 (~recent performance) s11 35% 0m18s | RPE, tauEvents 200 (~recent performance) s12 35% 0m18s | RPE, tauEvents 200 (~recent performance) s13 35% 0m17s | RPE, tauEvents 200 (~recent performance) s14 35% 0m17s | RPE, tauEvents 200 (~recent performance) s15 35% 0m17s
[2026-09-20 15:57:29] [done 21/50] RPE, tauEvents 200 (~recent performance) seed 2: 20.50% in 1m19s sprouted=56367 unsilenced=1155 eliminated=0 silentNow=55212
[2026-09-20 15:57:30] [heartbeat] C3 reward-prediction-error battery: 21/50 done, 10 running, elapsed 4m00s, stage ETA 3m54s -- RPE, tauEvents 200 (~recent performance) s1 97% 1m20s | RPE, tauEvents 200 (~recent performance) s3 98% 1m19s | RPE, tauEvents 200 (~recent performance) s4 98% 1m19s | RPE, tauEvents 200 (~recent performance) s5 98% 1m19s | RPE, tauEvents 200 (~recent performance) s11 97% 1m18s | RPE, tauEvents 200 (~recent performance) s12 97% 1m18s | RPE, tauEvents 200 (~recent performance) s13 97% 1m17s | RPE, tauEvents 200 (~recent performance) s14 95% 1m17s | RPE, tauEvents 200 (~recent performance) s15 97% 1m17s | RPE, tauEvents 1000 (~a fifteenth of the corpus) s1 2% 0m01s
[2026-09-20 15:57:30] [done 22/50] RPE, tauEvents 200 (~recent performance) seed 3: 21.10% in 1m20s sprouted=56370 unsilenced=1205 eliminated=0 silentNow=55165
[2026-09-20 15:57:30] [done 23/50] RPE, tauEvents 200 (~recent performance) seed 5: 19.20% in 1m19s sprouted=56414 unsilenced=1173 eliminated=0 silentNow=55241
[2026-09-20 15:57:31] [done 24/50] RPE, tauEvents 200 (~recent performance) seed 4: 21.15% in 1m20s sprouted=56720 unsilenced=1228 eliminated=0 silentNow=55492
[2026-09-20 16:00:14] === investigate-c3-reward-prediction-error starting: 10 workers, corpus 15000 characters, seeds 1, 2, 3, 4, 5, 11, 12, 13, 14, 15 ===
[2026-09-20 16:00:14] winner: C[fixes -2--] ref=1 thr=3 target=permanence homeo=1 lr=0.02 tau=4 dep=2 elig=50 unsil=0.3 gap=4 elim=20000
[2026-09-20 16:00:14] 60 trials, 34 already measured, 26 to run
[2026-09-20 16:01:14] [heartbeat] C3 reward-prediction-error battery: 0/26 done, 10 running, elapsed 1m00s, stage ETA unknown until the first trial finishes -- RPE, tauEvents 200 (~recent performance) s1 77% 1m00s | RPE, tauEvents 200 (~recent performance) s11 77% 1m00s | RPE, tauEvents 200 (~recent performance) s12 77% 1m00s | RPE, tauEvents 200 (~recent performance) s13 77% 1m00s | RPE, tauEvents 200 (~recent performance) s14 77% 1m00s | RPE, tauEvents 200 (~recent performance) s15 77% 1m00s | RPE, tauEvents 1000 (~a fifteenth of the corpus) s1 77% 1m00s | RPE, tauEvents 1000 (~a fifteenth of the corpus) s2 77% 1m00s | RPE, tauEvents 1000 (~a fifteenth of the corpus) s3 77% 1m00s | RPE, tauEvents 1000 (~a fifteenth of the corpus) s4 77% 1m00s
[2026-09-20 16:01:38] [done 1/26] RPE, tauEvents 1000 (~a fifteenth of the corpus) seed 2: 20.50% in 1m24s sprouted=56367 unsilenced=1155 eliminated=0 silentNow=55212
[2026-09-20 16:01:38] [done 2/26] RPE, tauEvents 1000 (~a fifteenth of the corpus) seed 1: 19.85% in 1m24s sprouted=56550 unsilenced=1170 eliminated=0 silentNow=55380
[2026-09-20 16:01:38] [done 3/26] RPE, tauEvents 1000 (~a fifteenth of the corpus) seed 3: 21.10% in 1m24s sprouted=56370 unsilenced=1205 eliminated=0 silentNow=55165
[2026-09-20 16:01:39] [done 4/26] RPE, tauEvents 200 (~recent performance) seed 13: 21.45% in 1m24s sprouted=56552 unsilenced=1137 eliminated=0 silentNow=55415
[2026-09-20 16:01:39] [done 5/26] RPE, tauEvents 200 (~recent performance) seed 14: 19.30% in 1m24s sprouted=56328 unsilenced=1284 eliminated=0 silentNow=55044
[2026-09-20 16:01:39] [done 6/26] RPE, tauEvents 200 (~recent performance) seed 15: 17.35% in 1m24s sprouted=57146 unsilenced=1190 eliminated=0 silentNow=55956
[2026-09-20 16:01:39] [done 7/26] RPE, tauEvents 1000 (~a fifteenth of the corpus) seed 4: 21.15% in 1m25s sprouted=56720 unsilenced=1228 eliminated=0 silentNow=55492
[2026-09-20 16:01:39] [done 8/26] RPE, tauEvents 200 (~recent performance) seed 12: 18.00% in 1m25s sprouted=56551 unsilenced=1339 eliminated=0 silentNow=55212
[2026-09-20 16:01:39] [done 9/26] RPE, tauEvents 200 (~recent performance) seed 11: 18.90% in 1m25s sprouted=56331 unsilenced=1258 eliminated=0 silentNow=55073
[2026-09-20 16:01:39] [done 10/26] RPE, tauEvents 200 (~recent performance) seed 1: 19.85% in 1m25s sprouted=56550 unsilenced=1170 eliminated=0 silentNow=55380
[2026-09-20 16:02:14] [heartbeat] C3 reward-prediction-error battery: 10/26 done, 10 running, elapsed 2m00s, stage ETA 2m15s -- RPE, tauEvents 1000 (~a fifteenth of the corpus) s5 55% 0m36s | RPE, tauEvents 1000 (~a fifteenth of the corpus) s11 55% 0m36s | RPE, tauEvents 1000 (~a fifteenth of the corpus) s12 55% 0m36s | RPE, tauEvents 1000 (~a fifteenth of the corpus) s13 55% 0m36s | RPE, tauEvents 1000 (~a fifteenth of the corpus) s14 55% 0m36s | RPE, tauEvents 1000 (~a fifteenth of the corpus) s15 55% 0m36s | baseline configured, nothing rewards (exactness control -- must equal the reference bit-identically) s1 55% 0m35s | baseline configured, nothing rewards (exactness control -- must equal the reference bit-identically) s2 55% 0m35s | baseline configured, nothing rewards (exactness control -- must equal the reference bit-identically) s3 55% 0m35s | baseline configured, nothing rewards (exactness control -- must equal the reference bit-identically) s4 53% 0m35s
[2026-09-20 16:02:58] [done 11/26] RPE, tauEvents 1000 (~a fifteenth of the corpus) seed 5: 19.20% in 1m20s sprouted=56414 unsilenced=1173 eliminated=0 silentNow=55241
[2026-09-20 16:02:59] [done 12/26] RPE, tauEvents 1000 (~a fifteenth of the corpus) seed 13: 21.45% in 1m20s sprouted=56552 unsilenced=1137 eliminated=0 silentNow=55415
[2026-09-20 16:03:00] [done 13/26] baseline configured, nothing rewards (exactness control -- must equal the reference bit-identically) seed 1: 19.85% in 1m21s sprouted=56550 unsilenced=1170 eliminated=0 silentNow=55380
[2026-09-20 16:03:00] [done 14/26] baseline configured, nothing rewards (exactness control -- must equal the reference bit-identically) seed 2: 20.50% in 1m21s sprouted=56367 unsilenced=1155 eliminated=0 silentNow=55212
[2026-09-20 16:03:00] [done 15/26] baseline configured, nothing rewards (exactness control -- must equal the reference bit-identically) seed 3: 21.10% in 1m21s sprouted=56370 unsilenced=1205 eliminated=0 silentNow=55165
[2026-09-20 16:03:00] [done 16/26] RPE, tauEvents 1000 (~a fifteenth of the corpus) seed 15: 17.35% in 1m21s sprouted=57146 unsilenced=1190 eliminated=0 silentNow=55956
[2026-09-20 16:03:00] [done 17/26] RPE, tauEvents 1000 (~a fifteenth of the corpus) seed 14: 19.30% in 1m21s sprouted=56328 unsilenced=1284 eliminated=0 silentNow=55044
[2026-09-20 16:03:00] [done 18/26] RPE, tauEvents 1000 (~a fifteenth of the corpus) seed 11: 18.90% in 1m22s sprouted=56331 unsilenced=1258 eliminated=0 silentNow=55073
[2026-09-20 16:03:00] [done 19/26] RPE, tauEvents 1000 (~a fifteenth of the corpus) seed 12: 18.00% in 1m22s sprouted=56551 unsilenced=1339 eliminated=0 silentNow=55212
[2026-09-20 16:03:00] [done 20/26] baseline configured, nothing rewards (exactness control -- must equal the reference bit-identically) seed 4: 21.15% in 1m21s sprouted=56720 unsilenced=1228 eliminated=0 silentNow=55492
[2026-09-20 16:03:14] [heartbeat] C3 reward-prediction-error battery: 20/26 done, 6 running, elapsed 3m00s, stage ETA 0m50s -- baseline configured, nothing rewards (exactness control -- must equal the reference bit-identically) s5 35% 0m16s | baseline configured, nothing rewards (exactness control -- must equal the reference bit-identically) s11 35% 0m15s | baseline configured, nothing rewards (exactness control -- must equal the reference bit-identically) s12 35% 0m15s | baseline configured, nothing rewards (exactness control -- must equal the reference bit-identically) s13 33% 0m15s | baseline configured, nothing rewards (exactness control -- must equal the reference bit-identically) s14 35% 0m14s | baseline configured, nothing rewards (exactness control -- must equal the reference bit-identically) s15 35% 0m14s
[2026-09-20 16:04:07] [done 21/26] baseline configured, nothing rewards (exactness control -- must equal the reference bit-identically) seed 5: 19.20% in 1m08s sprouted=56414 unsilenced=1173 eliminated=0 silentNow=55241
[2026-09-20 16:04:07] [done 22/26] baseline configured, nothing rewards (exactness control -- must equal the reference bit-identically) seed 13: 21.45% in 1m08s sprouted=56552 unsilenced=1137 eliminated=0 silentNow=55415
[2026-09-20 16:04:07] [done 23/26] baseline configured, nothing rewards (exactness control -- must equal the reference bit-identically) seed 15: 17.50% in 1m08s sprouted=57147 unsilenced=1192 eliminated=0 silentNow=55955
[2026-09-20 16:04:08] [done 24/26] baseline configured, nothing rewards (exactness control -- must equal the reference bit-identically) seed 11: 18.90% in 1m09s sprouted=56331 unsilenced=1258 eliminated=0 silentNow=55073
[2026-09-20 16:04:08] [done 25/26] baseline configured, nothing rewards (exactness control -- must equal the reference bit-identically) seed 14: 19.30% in 1m08s sprouted=56328 unsilenced=1284 eliminated=0 silentNow=55044
[2026-09-20 16:04:08] [done 26/26] baseline configured, nothing rewards (exactness control -- must equal the reference bit-identically) seed 12: 18.10% in 1m08s sprouted=56552 unsilenced=1339 eliminated=0 silentNow=55213
[2026-09-20 16:04:08] wrote C:\projects\brain\scripts\investigate-c3-reward-prediction-error.results.md
[2026-09-20 16:04:59] === investigate-c3-reward-prediction-error starting: 10 workers, corpus 15000 characters, seeds 1, 2, 3, 4, 5, 11, 12, 13, 14, 15 ===
[2026-09-20 16:04:59] winner: C[fixes -2--] ref=1 thr=3 target=permanence homeo=1 lr=0.02 tau=4 dep=2 elig=50 unsil=0.3 gap=4 elim=20000
[2026-09-20 16:04:59] 60 trials, 60 already measured, 0 to run
[2026-09-20 16:04:59] wrote C:\projects\brain\scripts\investigate-c3-reward-prediction-error.results.md
